 
****************************************
Report : area
Design : beamforming
Version: U-2022.12
Date   : Tue Jun  2 05:19:35 2026
****************************************

Information: Updating design information... (UID-85)
Warning: Design 'beamforming' contains 1 high-fanout nets. A fanout number of 1000 will be used for delay calculations involving these nets. (TIM-134)
Library(s) Used:

    fsa0m_a_generic_core_tt1p8v25c (File: /home/raid7_2/userb12/b12148/ICDLab/Final/Verilog/Synthesis/db/fsa0m_a_generic_core_tt1p8v25c.db)

Number of ports:                           25
Number of nets:                         10432
Number of cells:                        10119
Number of combinational cells:           8718
Number of sequential cells:              1401
Number of macros/black boxes:               0
Number of buf/inv:                       2222
Number of references:                     120

Combinational area:             148412.375874
Buf/Inv area:                    19005.033442
Noncombinational area:           83363.415070
Macro/Black Box area:                0.000000
Net Interconnect area:      undefined  (Wire load has zero net area)

Total cell area:                231775.790943
Total area:                 undefined

Hierarchical area distribution
------------------------------

                                  Global cell area              Local cell area
                                  --------------------  ------------------------------- 
Hierarchical cell                 Absolute     Percent  Combi-       Noncombi-   Black-
                                  Total        Total    national     national    boxes   Design
--------------------------------  -----------  -------  -----------  ----------  ------  ---------
beamforming                       231775.7909    100.0  148412.3759  83363.4151  0.0000  beamforming
--------------------------------  -----------  -------  -----------  ----------  ------  ---------
Total                                                   148412.3759  83363.4151  0.0000

1
