 
****************************************
Report : power
        -analysis_effort low
Design : CHIP
Version: U-2022.12
Date   : Tue Jun  2 04:35:57 2026
****************************************


Library(s) Used:

    fsa0m_a_generic_core_tt1p8v25c (File: /home/raid7_2/userb12/b12148/ICDLab/Final/Verilog/Synthesis/db/fsa0m_a_generic_core_tt1p8v25c.db)
    fsa0m_a_t33_generic_io_tt1p8v25c (File: /home/raid7_2/userb12/b12148/ICDLab/Final/Verilog/Synthesis/db/fsa0m_a_t33_generic_io_tt1p8v25c.db)


Operating Conditions: WCCOM   Library: fsa0m_a_generic_core_ss1p62v125c
Wire Load Model Mode: top

Design        Wire Load Model            Library
------------------------------------------------
CHIP                   G200K             fsa0m_a_generic_core_tt1p8v25c


Global Operating Voltage = 1.62 
Power-specific unit information :
    Voltage Units = 1V
    Capacitance Units = 1.000000pf
    Time Units = 1ns
    Dynamic Power Units = 1mW    (derived from V,C,T units)
    Leakage Power Units = 1pW


Attributes
----------
i - Including register clock pin internal power


  Cell Internal Power  =  18.7547 mW    (3%)
  Net Switching Power  = 529.5465 mW   (97%)
                         ---------
Total Dynamic Power    = 548.3011 mW  (100%)

Cell Leakage Power     =   1.1518 uW


                 Internal         Switching           Leakage            Total
Power Group      Power            Power               Power              Power   (   %    )  Attrs
--------------------------------------------------------------------------------------------------
io_pad             0.5665          525.2701        2.2832e+05          525.8368  (  95.90%)
memory             0.0000            0.0000            0.0000            0.0000  (   0.00%)
black_box          0.0000            0.0000            0.0000            0.0000  (   0.00%)
clock_network     13.2392            0.0000            0.0000           13.2392  (   2.41%)  i
register           1.2893            0.2419        3.0424e+05            1.5314  (   0.28%)
sequential         0.0000            0.0000            0.0000            0.0000  (   0.00%)
combinational      3.6598            4.0346        6.1928e+05            7.6951  (   1.40%)
--------------------------------------------------------------------------------------------------
Total             18.7547 mW       529.5466 mW     1.1518e+06 pW       548.3024 mW
1
