 
****************************************
Report : timing
        -path full
        -delay max
        -max_paths 1
Design : CHIP
Version: U-2022.12
Date   : Tue Jun  2 04:35:58 2026
****************************************

 # A fanout number of 1000 was used for high fanout net computations.

Operating Conditions: WCCOM   Library: fsa0m_a_generic_core_ss1p62v125c
Wire Load Model Mode: top

  Startpoint: beamforming_in/steer_inst/valid_sr_reg[13]
              (rising edge-triggered flip-flop clocked by clk)
  Endpoint: beamforming_in/comparison_inst/I_acc_reg[9]
            (rising edge-triggered flip-flop clocked by clk)
  Path Group: clk
  Path Type: max

  Des/Clust/Port     Wire Load Model       Library
  ------------------------------------------------
  CHIP               G200K                 fsa0m_a_generic_core_tt1p8v25c

  Point                                                   Incr       Path
  --------------------------------------------------------------------------
  clock clk (rise edge)                                   0.00       0.00
  clock network delay (ideal)                             0.50       0.50
  beamforming_in/steer_inst/valid_sr_reg[13]/CK (QDFFRBT)
                                                          0.00 #     0.50 r
  beamforming_in/steer_inst/valid_sr_reg[13]/Q (QDFFRBT)
                                                          0.41       0.91 r
  U5322/O (OR2T)                                          0.25       1.16 r
  U2693/O (INV3)                                          0.09       1.26 f
  U5528/O (AO222)                                         0.48       1.74 f
  U2878/O (INV2)                                          0.13       1.87 r
  U5566/S (FA1)                                           0.50       2.37 f
  U2834/S (FA1)                                           0.29       2.66 f
  U2813/O (NR2T)                                          0.18       2.84 r
  U5564/O (NR2T)                                          0.11       2.95 f
  U2790/O (AOI12HP)                                       0.23       3.18 r
  U5586/O (INV4)                                          0.09       3.26 f
  U5597/O (XNR2HS)                                        0.20       3.46 f
  U4999/O (ND2T)                                          0.10       3.56 r
  U4420/O (ND3P)                                          0.08       3.64 f
  U6819/O (INV2)                                          0.12       3.76 r
  U6872/O (INV1S)                                         0.18       3.94 f
  U4791/O (OR2)                                           0.26       4.20 f
  U2637/O (AOI12H)                                        0.18       4.38 r
  U4975/O (OAI12H)                                        0.13       4.51 f
  U4462/O (AOI12HP)                                       0.19       4.70 r
  U6748/O (INV3)                                          0.09       4.79 f
  U6750/O (AOI12HS)                                       0.21       5.00 r
  U6751/O (XOR2HS)                                        0.16       5.16 r
  U6752/O (ND2P)                                          0.06       5.22 f
  U6753/O (ND3P)                                          0.09       5.31 r
  beamforming_in/comparison_inst/I_acc_reg[9]/D (QDFFRBP)
                                                          0.00       5.31 r
  data arrival time                                                  5.31

  clock clk (rise edge)                                   5.00       5.00
  clock network delay (ideal)                             0.50       5.50
  clock uncertainty                                      -0.10       5.40
  beamforming_in/comparison_inst/I_acc_reg[9]/CK (QDFFRBP)
                                                          0.00       5.40 r
  library setup time                                     -0.09       5.31
  data required time                                                 5.31
  --------------------------------------------------------------------------
  data required time                                                 5.31
  data arrival time                                                 -5.31
  --------------------------------------------------------------------------
  slack (MET)                                                        0.00


1
