****************************************
Report : timing
	-path_type full
	-delay_type min
	-slack_lesser_than 999.00
	-max_paths 10
	-sort_by slack
Design : CHIP
Version: U-2022.12
Date   : Tue Jun  9 14:57:08 2026
****************************************


  Startpoint: beamforming_in/steer_inst/u_c1s1/anga_r_reg[-4]
               (rising edge-triggered flip-flop clocked by clk)
  Endpoint: beamforming_in/steer_inst/u_c1s1/anga_r_reg[-4]
               (rising edge-triggered flip-flop clocked by clk)
  Path Group: clk
  Path Type: min

  Point                                                                         Incr       Path
  ----------------------------------------------------------------------------------------------------
  clock clk (rise edge)                                                         0.00       0.00
  clock network delay (ideal)                                                   0.50       0.50
  beamforming_in/steer_inst/u_c1s1/anga_r_reg[-4]/CK (QDFFRBN)                  0.00       0.50 r
  beamforming_in/steer_inst/u_c1s1/anga_r_reg[-4]/Q (QDFFRBN)                   0.17 *     0.67 r
  FE_PHC590_beamforming_in_steer_inst_u_c1s1_anga_r__4/O (DELA)                 0.10 *     0.77 r
  U9443/O (MUX2)                                                                0.08 *     0.85 r
  beamforming_in/steer_inst/u_c1s1/anga_r_reg[-4]/D (QDFFRBN)                   0.00 *     0.85 r
  data arrival time                                                                        0.85

  clock clk (rise edge)                                                         0.00       0.00
  clock network delay (ideal)                                                   0.50       0.50
  clock reconvergence pessimism                                                 0.00       0.50
  clock uncertainty                                                             0.10       0.60
  beamforming_in/steer_inst/u_c1s1/anga_r_reg[-4]/CK (QDFFRBN)                             0.60 r
  library hold time                                                             0.00 *     0.60
  data required time                                                                       0.60
  ----------------------------------------------------------------------------------------------------
  data required time                                                                       0.60
  data arrival time                                                                       -0.85
  ----------------------------------------------------------------------------------------------------
  slack (MET)                                                                              0.25


  Startpoint: beamforming_in/steer_inst/u_c1s2/angb_r_reg[-10]
               (rising edge-triggered flip-flop clocked by clk)
  Endpoint: beamforming_in/steer_inst/u_c1s2/angb_r_reg[-10]
               (rising edge-triggered flip-flop clocked by clk)
  Path Group: clk
  Path Type: min

  Point                                                                          Incr       Path
  -----------------------------------------------------------------------------------------------------
  clock clk (rise edge)                                                          0.00       0.00
  clock network delay (ideal)                                                    0.50       0.50
  beamforming_in/steer_inst/u_c1s2/angb_r_reg[-10]/CK (QDFFRBN)                  0.00       0.50 r
  beamforming_in/steer_inst/u_c1s2/angb_r_reg[-10]/Q (QDFFRBN)                   0.17 *     0.67 r
  FE_PHC593_beamforming_in_steer_inst_u_c1s2_angb_r__10/O (DELA)                 0.10 *     0.77 r
  U10975/O (MUX2)                                                                0.08 *     0.86 r
  beamforming_in/steer_inst/u_c1s2/angb_r_reg[-10]/D (QDFFRBN)                   0.00 *     0.86 r
  data arrival time                                                                         0.86

  clock clk (rise edge)                                                          0.00       0.00
  clock network delay (ideal)                                                    0.50       0.50
  clock reconvergence pessimism                                                  0.00       0.50
  clock uncertainty                                                              0.10       0.60
  beamforming_in/steer_inst/u_c1s2/angb_r_reg[-10]/CK (QDFFRBN)                             0.60 r
  library hold time                                                              0.00 *     0.60
  data required time                                                                        0.60
  -----------------------------------------------------------------------------------------------------
  data required time                                                                        0.60
  data arrival time                                                                        -0.86
  -----------------------------------------------------------------------------------------------------
  slack (MET)                                                                               0.25


  Startpoint: beamforming_in/comparison_inst/theta_latched_reg[5]
               (rising edge-triggered flip-flop clocked by clk)
  Endpoint: beamforming_in/comparison_inst/current_theta_reg[5]
               (rising edge-triggered flip-flop clocked by clk)
  Path Group: clk
  Path Type: min

  Point                                                                             Incr       Path
  --------------------------------------------------------------------------------------------------------
  clock clk (rise edge)                                                             0.00       0.00
  clock network delay (ideal)                                                       0.50       0.50
  beamforming_in/comparison_inst/theta_latched_reg[5]/CK (QDFFRBN)                  0.00       0.50 r
  beamforming_in/comparison_inst/theta_latched_reg[5]/Q (QDFFRBN)                   0.16 *     0.66 r
  FE_PHC508_beamforming_in_comparison_inst_theta_latched_5/O (DELA)                 0.11 *     0.77 r
  U11297/O (MUX2)                                                                   0.09 *     0.86 r
  beamforming_in/comparison_inst/current_theta_reg[5]/D (QDFFRBN)                   0.00 *     0.86 r
  data arrival time                                                                            0.86

  clock clk (rise edge)                                                             0.00       0.00
  clock network delay (ideal)                                                       0.50       0.50
  clock reconvergence pessimism                                                     0.00       0.50
  clock uncertainty                                                                 0.10       0.60
  beamforming_in/comparison_inst/current_theta_reg[5]/CK (QDFFRBN)                             0.60 r
  library hold time                                                                 0.00 *     0.60
  data required time                                                                           0.60
  --------------------------------------------------------------------------------------------------------
  data required time                                                                           0.60
  data arrival time                                                                           -0.86
  --------------------------------------------------------------------------------------------------------
  slack (MET)                                                                                  0.26


  Startpoint: beamforming_in/cur_angle_r_reg[1]
               (rising edge-triggered flip-flop clocked by clk)
  Endpoint: beamforming_in/track_inst/angle_out_reg[1]
               (rising edge-triggered flip-flop clocked by clk)
  Path Group: clk
  Path Type: min

  Point                                                                  Incr       Path
  ---------------------------------------------------------------------------------------------
  clock clk (rise edge)                                                  0.00       0.00
  clock network delay (ideal)                                            0.50       0.50
  beamforming_in/cur_angle_r_reg[1]/CK (QDFFRBN)                         0.00       0.50 r
  beamforming_in/cur_angle_r_reg[1]/Q (QDFFRBN)                          0.18 *     0.68 r
  U11164/O (AOI22S)                                                      0.05 *     0.72 f
  U3674/O (ND3)                                                          0.05 *     0.78 r
  U11165/O (AO12)                                                        0.08 *     0.86 r
  beamforming_in/track_inst/angle_out_reg[1]/D (QDFFRBN)                 0.00 *     0.86 r
  data arrival time                                                                 0.86

  clock clk (rise edge)                                                  0.00       0.00
  clock network delay (ideal)                                            0.50       0.50
  clock reconvergence pessimism                                          0.00       0.50
  clock uncertainty                                                      0.10       0.60
  beamforming_in/track_inst/angle_out_reg[1]/CK (QDFFRBN)                           0.60 r
  library hold time                                                      0.00 *     0.60
  data required time                                                                0.60
  ---------------------------------------------------------------------------------------------
  data required time                                                                0.60
  data arrival time                                                                -0.86
  ---------------------------------------------------------------------------------------------
  slack (MET)                                                                       0.26


  Startpoint: beamforming_in/comparison_inst/theta_latched_reg[3]
               (rising edge-triggered flip-flop clocked by clk)
  Endpoint: beamforming_in/comparison_inst/current_theta_reg[3]
               (rising edge-triggered flip-flop clocked by clk)
  Path Group: clk
  Path Type: min

  Point                                                                             Incr       Path
  --------------------------------------------------------------------------------------------------------
  clock clk (rise edge)                                                             0.00       0.00
  clock network delay (ideal)                                                       0.50       0.50
  beamforming_in/comparison_inst/theta_latched_reg[3]/CK (QDFFRBN)                  0.00       0.50 r
  beamforming_in/comparison_inst/theta_latched_reg[3]/Q (QDFFRBN)                   0.16 *     0.66 r
  FE_PHC504_beamforming_in_comparison_inst_theta_latched_3/O (DELA)                 0.11 *     0.77 r
  U11293/O (MUX2)                                                                   0.09 *     0.86 r
  beamforming_in/comparison_inst/current_theta_reg[3]/D (QDFFRBN)                   0.00 *     0.86 r
  data arrival time                                                                            0.86

  clock clk (rise edge)                                                             0.00       0.00
  clock network delay (ideal)                                                       0.50       0.50
  clock reconvergence pessimism                                                     0.00       0.50
  clock uncertainty                                                                 0.10       0.60
  beamforming_in/comparison_inst/current_theta_reg[3]/CK (QDFFRBN)                             0.60 r
  library hold time                                                                 0.00 *     0.60
  data required time                                                                           0.60
  --------------------------------------------------------------------------------------------------------
  data required time                                                                           0.60
  data arrival time                                                                           -0.86
  --------------------------------------------------------------------------------------------------------
  slack (MET)                                                                                  0.26


  Startpoint: beamforming_in/steer_inst/u_c2s1/anga_r_reg[-3]
               (rising edge-triggered flip-flop clocked by clk)
  Endpoint: beamforming_in/steer_inst/u_c2s1/anga_r_reg[-3]
               (rising edge-triggered flip-flop clocked by clk)
  Path Group: clk
  Path Type: min

  Point                                                                         Incr       Path
  ----------------------------------------------------------------------------------------------------
  clock clk (rise edge)                                                         0.00       0.00
  clock network delay (ideal)                                                   0.50       0.50
  beamforming_in/steer_inst/u_c2s1/anga_r_reg[-3]/CK (QDFFRBN)                  0.00       0.50 r
  beamforming_in/steer_inst/u_c2s1/anga_r_reg[-3]/Q (QDFFRBN)                   0.17 *     0.67 r
  FE_PHC615_beamforming_in_steer_inst_u_c2s1_anga_r__3/O (DELA)                 0.10 *     0.77 r
  U8175/O (MUX2)                                                                0.08 *     0.86 r
  beamforming_in/steer_inst/u_c2s1/anga_r_reg[-3]/D (QDFFRBN)                   0.00 *     0.86 r
  data arrival time                                                                        0.86

  clock clk (rise edge)                                                         0.00       0.00
  clock network delay (ideal)                                                   0.50       0.50
  clock reconvergence pessimism                                                 0.00       0.50
  clock uncertainty                                                             0.10       0.60
  beamforming_in/steer_inst/u_c2s1/anga_r_reg[-3]/CK (QDFFRBN)                             0.60 r
  library hold time                                                             0.00 *     0.60
  data required time                                                                       0.60
  ----------------------------------------------------------------------------------------------------
  data required time                                                                       0.60
  data arrival time                                                                       -0.86
  ----------------------------------------------------------------------------------------------------
  slack (MET)                                                                              0.26


  Startpoint: beamforming_in/steer_inst/u_c1s1/anga_r_reg[-10]
               (rising edge-triggered flip-flop clocked by clk)
  Endpoint: beamforming_in/steer_inst/u_c1s1/anga_r_reg[-10]
               (rising edge-triggered flip-flop clocked by clk)
  Path Group: clk
  Path Type: min

  Point                                                                          Incr       Path
  -----------------------------------------------------------------------------------------------------
  clock clk (rise edge)                                                          0.00       0.00
  clock network delay (ideal)                                                    0.50       0.50
  beamforming_in/steer_inst/u_c1s1/anga_r_reg[-10]/CK (QDFFRBN)                  0.00       0.50 r
  beamforming_in/steer_inst/u_c1s1/anga_r_reg[-10]/Q (QDFFRBN)                   0.17 *     0.67 r
  FE_PHC646_beamforming_in_steer_inst_u_c1s1_anga_r__10/O (DELA)                 0.11 *     0.77 r
  U9481/O (MUX2)                                                                 0.08 *     0.86 r
  beamforming_in/steer_inst/u_c1s1/anga_r_reg[-10]/D (QDFFRBN)                   0.00 *     0.86 r
  data arrival time                                                                         0.86

  clock clk (rise edge)                                                          0.00       0.00
  clock network delay (ideal)                                                    0.50       0.50
  clock reconvergence pessimism                                                  0.00       0.50
  clock uncertainty                                                              0.10       0.60
  beamforming_in/steer_inst/u_c1s1/anga_r_reg[-10]/CK (QDFFRBN)                             0.60 r
  library hold time                                                              0.00 *     0.60
  data required time                                                                        0.60
  -----------------------------------------------------------------------------------------------------
  data required time                                                                        0.60
  data arrival time                                                                        -0.86
  -----------------------------------------------------------------------------------------------------
  slack (MET)                                                                               0.26


  Startpoint: beamforming_in/steer_inst/u_c1s1/angb_r_reg[-13]
               (rising edge-triggered flip-flop clocked by clk)
  Endpoint: beamforming_in/steer_inst/u_c1s1/angb_r_reg[-13]
               (rising edge-triggered flip-flop clocked by clk)
  Path Group: clk
  Path Type: min

  Point                                                                          Incr       Path
  -----------------------------------------------------------------------------------------------------
  clock clk (rise edge)                                                          0.00       0.00
  clock network delay (ideal)                                                    0.50       0.50
  beamforming_in/steer_inst/u_c1s1/angb_r_reg[-13]/CK (QDFFRBS)                  0.00       0.50 r
  beamforming_in/steer_inst/u_c1s1/angb_r_reg[-13]/Q (QDFFRBS)                   0.17 *     0.67 r
  FE_PHC759_beamforming_in_steer_inst_u_c1s1_angb_r__13/O (DELA)                 0.11 *     0.77 r
  U10332/O (MUX2)                                                                0.08 *     0.86 r
  beamforming_in/steer_inst/u_c1s1/angb_r_reg[-13]/D (QDFFRBS)                   0.00 *     0.86 r
  data arrival time                                                                         0.86

  clock clk (rise edge)                                                          0.00       0.00
  clock network delay (ideal)                                                    0.50       0.50
  clock reconvergence pessimism                                                  0.00       0.50
  clock uncertainty                                                              0.10       0.60
  beamforming_in/steer_inst/u_c1s1/angb_r_reg[-13]/CK (QDFFRBS)                             0.60 r
  library hold time                                                              0.00 *     0.60
  data required time                                                                        0.60
  -----------------------------------------------------------------------------------------------------
  data required time                                                                        0.60
  data arrival time                                                                        -0.86
  -----------------------------------------------------------------------------------------------------
  slack (MET)                                                                               0.26


  Startpoint: beamforming_in/steer_inst/u_c1s1/anga_r_reg[-1]
               (rising edge-triggered flip-flop clocked by clk)
  Endpoint: beamforming_in/steer_inst/u_c1s1/anga_r_reg[-1]
               (rising edge-triggered flip-flop clocked by clk)
  Path Group: clk
  Path Type: min

  Point                                                                         Incr       Path
  ----------------------------------------------------------------------------------------------------
  clock clk (rise edge)                                                         0.00       0.00
  clock network delay (ideal)                                                   0.50       0.50
  beamforming_in/steer_inst/u_c1s1/anga_r_reg[-1]/CK (QDFFRBN)                  0.00       0.50 r
  beamforming_in/steer_inst/u_c1s1/anga_r_reg[-1]/Q (QDFFRBN)                   0.17 *     0.67 r
  FE_PHC627_beamforming_in_steer_inst_u_c1s1_anga_r__1/O (DELA)                 0.11 *     0.77 r
  U9504/O (MUX2)                                                                0.08 *     0.86 r
  beamforming_in/steer_inst/u_c1s1/anga_r_reg[-1]/D (QDFFRBN)                   0.00 *     0.86 r
  data arrival time                                                                        0.86

  clock clk (rise edge)                                                         0.00       0.00
  clock network delay (ideal)                                                   0.50       0.50
  clock reconvergence pessimism                                                 0.00       0.50
  clock uncertainty                                                             0.10       0.60
  beamforming_in/steer_inst/u_c1s1/anga_r_reg[-1]/CK (QDFFRBN)                             0.60 r
  library hold time                                                             0.00 *     0.60
  data required time                                                                       0.60
  ----------------------------------------------------------------------------------------------------
  data required time                                                                       0.60
  data arrival time                                                                       -0.86
  ----------------------------------------------------------------------------------------------------
  slack (MET)                                                                              0.26


  Startpoint: beamforming_in/steer_inst/u_c2s2/iter_r_reg[1]
               (rising edge-triggered flip-flop clocked by clk)
  Endpoint: beamforming_in/steer_inst/u_c2s2/iter_r_reg[1]
               (rising edge-triggered flip-flop clocked by clk)
  Path Group: clk
  Path Type: min

  Point                                                                        Incr       Path
  ---------------------------------------------------------------------------------------------------
  clock clk (rise edge)                                                        0.00       0.00
  clock network delay (ideal)                                                  0.50       0.50
  beamforming_in/steer_inst/u_c2s2/iter_r_reg[1]/CK (QDFFRBN)                  0.00       0.50 r
  beamforming_in/steer_inst/u_c2s2/iter_r_reg[1]/Q (QDFFRBN)                   0.17 *     0.67 r
  FE_PHC617_beamforming_in_steer_inst_u_c2s2_iter_r_1/O (DELA)                 0.11 *     0.77 r
  U7834/O (OA12)                                                               0.08 *     0.86 r
  beamforming_in/steer_inst/u_c2s2/iter_r_reg[1]/D (QDFFRBN)                   0.00 *     0.86 r
  data arrival time                                                                       0.86

  clock clk (rise edge)                                                        0.00       0.00
  clock network delay (ideal)                                                  0.50       0.50
  clock reconvergence pessimism                                                0.00       0.50
  clock uncertainty                                                            0.10       0.60
  beamforming_in/steer_inst/u_c2s2/iter_r_reg[1]/CK (QDFFRBN)                             0.60 r
  library hold time                                                            0.00 *     0.60
  data required time                                                                      0.60
  ---------------------------------------------------------------------------------------------------
  data required time                                                                      0.60
  data arrival time                                                                      -0.86
  ---------------------------------------------------------------------------------------------------
  slack (MET)                                                                             0.26

Warning: report_timing has satisfied the max_paths criteria. There are 1403 further endpoints which have paths of interest with slack less than   999.00 that were not considered when generating this report. (UITE-502)

1
