****************************************
Report : timing
	-path_type full
	-delay_type max
	-slack_lesser_than 999.00
	-max_paths 10
	-sort_by slack
Design : CHIP
Version: U-2022.12
Date   : Tue Jun  9 16:07:06 2026
****************************************


  Startpoint: beamforming_in/steer_inst/valid_sr_reg[2]
               (rising edge-triggered flip-flop clocked by clk)
  Endpoint: beamforming_in/steer_inst/u_c2s1/xa_r_reg[-1]
               (rising edge-triggered flip-flop clocked by clk)
  Path Group: clk
  Path Type: max

  Point                                                                      Incr       Path
  -------------------------------------------------------------------------------------------------
  clock clk (rise edge)                                                      0.00       0.00
  clock network delay (ideal)                                                0.50       0.50
  beamforming_in/steer_inst/valid_sr_reg[2]/CK (QDFFRBP)                     0.00       0.50 r
  beamforming_in/steer_inst/valid_sr_reg[2]/Q (QDFFRBP)                      0.42 *     0.92 f
  FE_PHC1165_beamforming_in_steer_inst_valid_sr_2/O (DELB)                   0.61 *     1.53 f
  FE_OFC1206_beamforming_in_steer_inst_valid_sr_2/O (INV4)                   0.16 *     1.68 r
  FE_OFC1209_beamforming_in_steer_inst_valid_sr_2/O (INV4)                   0.07 *     1.75 f
  FE_OFC1213_beamforming_in_steer_inst_valid_sr_2/O (BUF4CK)                 0.17 *     1.93 f
  U5017/O (NR2)                                                              0.17 *     2.10 r
  FE_OFC1626_n5984/O (INV2)                                                  0.14 *     2.24 f
  FE_OFC1793_n6068/O (INV4)                                                  0.17 *     2.41 r
  FE_OFC1795_n6068/O (BUF2)                                                  0.27 *     2.68 r
  FE_OFC1879_FE_OFN968_n5984/O (INV1S)                                       0.14 *     2.82 f
  FE_OFC1881_FE_OFN968_n5984/O (INV2)                                        0.22 *     3.04 r
  U8302/O (NR2T)                                                             0.15 *     3.19 f
  FE_RC_57_0/O (AOI22H)                                                      0.30 *     3.49 r
  FE_RC_212_0/O (AOI22HP)                                                    0.12 *     3.61 f
  FE_RC_1161_0/O (AOI22HP)                                                   0.23 *     3.84 r
  U8322/O (INV3)                                                             0.08 *     3.92 f
  FE_RC_246_0/O (ND2)                                                        0.13 *     4.05 r
  FE_RC_424_0/O (OAI12H)                                                     0.11 *     4.16 f
  FE_RC_244_0/OB (MXL2H)                                                     0.18 *     4.34 f
  U8333/O (NR2T)                                                             0.12 *     4.46 r
  U8349/O (NR2P)                                                             0.13 *     4.60 f
  U8358/O (AOI12HP)                                                          0.23 *     4.82 r
  U8540/O (INV3)                                                             0.11 *     4.93 f
  U8567/O (XNR2HS)                                                           0.15 *     5.08 f
  FE_RC_860_0/O (AO22)                                                       0.32 *     5.40 f
  U8571/O (MUX2)                                                             0.28 *     5.67 f
  FE_PHC1191_n1350/O (DELA)                                                  0.31 *     5.98 f
  beamforming_in/steer_inst/u_c2s1/xa_r_reg[-1]/D (QDFFRBN)                  0.00 *     5.98 f
  data arrival time                                                                     5.98

  clock clk (rise edge)                                                      6.00       6.00
  clock network delay (ideal)                                                0.50       6.50
  clock reconvergence pessimism                                              0.00       6.50
  clock uncertainty                                                         -0.10       6.40
  beamforming_in/steer_inst/u_c2s1/xa_r_reg[-1]/CK (QDFFRBN)                            6.40 r
  library setup time                                                        -0.16 *     6.24
  data required time                                                                    6.24
  -------------------------------------------------------------------------------------------------
  data required time                                                                    6.24
  data arrival time                                                                    -5.98
  -------------------------------------------------------------------------------------------------
  slack (MET)                                                                           0.26


  Startpoint: beamforming_in/steer_inst/u_c1s1/iter_r_reg[0]
               (rising edge-triggered flip-flop clocked by clk)
  Endpoint: beamforming_in/steer_inst/u_c1s1/xb_r_reg[5]
               (rising edge-triggered flip-flop clocked by clk)
  Path Group: clk
  Path Type: max

  Point                                                                          Incr       Path
  -----------------------------------------------------------------------------------------------------
  clock clk (rise edge)                                                          0.00       0.00
  clock network delay (ideal)                                                    0.50       0.50
  beamforming_in/steer_inst/u_c1s1/iter_r_reg[0]/CK (QDFFRBN)                    0.00       0.50 r
  beamforming_in/steer_inst/u_c1s1/iter_r_reg[0]/Q (QDFFRBN)                     0.40 *     0.90 r
  FE_PHC1163_beamforming_in_steer_inst_u_c1s1_iter_r_0/O (BUF1S)                 0.38 *     1.28 r
  U5110/O (INV2)                                                                 0.17 *     1.45 f
  U5111/O (NR2F)                                                                 0.13 *     1.59 r
  FE_OFC1606_n5267/O (BUF8CK)                                                    0.17 *     1.76 r
  FE_OFC1608_n5267/O (INV3)                                                      0.05 *     1.81 f
  FE_OFC1613_n5267/O (INV4)                                                      0.07 *     1.89 r
  FE_OFC2724_n5267/O (BUF6CK)                                                    0.17 *     2.06 r
  FE_OFC2740_n5267/O (BUF2)                                                      0.16 *     2.22 r
  FE_OFC1615_n5267/O (INV2)                                                      0.05 *     2.27 f
  FE_OFC1267_n5267/O (INV2)                                                      0.07 *     2.34 r
  FE_OCPC2125_FE_OFN949_n5267/O (INV2)                                           0.11 *     2.45 f
  FE_OCPC2129_FE_OFN949_n5267/O (INV1S)                                          0.08 *     2.53 r
  FE_RC_1153_0/O (INV1S)                                                         0.17 *     2.70 f
  FE_RC_1553_0/O (AOI22HP)                                                       0.22 *     2.93 r
  U4856_dup/O (OR2B1S)                                                           0.16 *     3.09 f
  FE_RC_1662_0/O (AOI22H)                                                        0.28 *     3.36 r
  U10389/OB (MXL2H)                                                              0.16 *     3.53 f
  U3285/S (FA1)                                                                  0.38 *     3.90 r
  U10442/O (NR2T)                                                                0.14 *     4.05 f
  FE_RC_1093_0/O (OAI12H)                                                        0.21 *     4.26 r
  U10449/O (AOI12HP)                                                             0.09 *     4.35 f
  U10460/O (OAI12H)                                                              0.29 *     4.64 r
  U10495/O (AOI12HS)                                                             0.16 *     4.79 f
  FE_RC_926_0/OB (MXL2HS)                                                        0.20 *     4.99 f
  U10497/O (ND2P)                                                                0.13 *     5.13 r
  FE_RC_1572_0/O (ND2P)                                                          0.07 *     5.20 f
  FE_RC_1571_0/O (ND2P)                                                          0.07 *     5.27 r
  FE_RC_1570_0/O (ND2)                                                           0.08 *     5.34 f
  FE_PHC1196_n1432/O (DELB)                                                      0.54 *     5.88 f
  beamforming_in/steer_inst/u_c1s1/xb_r_reg[5]/D (QDFFRBP)                       0.00 *     5.88 f
  data arrival time                                                                         5.88

  clock clk (rise edge)                                                          6.00       6.00
  clock network delay (ideal)                                                    0.50       6.50
  clock reconvergence pessimism                                                  0.00       6.50
  clock uncertainty                                                             -0.10       6.40
  beamforming_in/steer_inst/u_c1s1/xb_r_reg[5]/CK (QDFFRBP)                                 6.40 r
  library setup time                                                            -0.16 *     6.24
  data required time                                                                        6.24
  -----------------------------------------------------------------------------------------------------
  data required time                                                                        6.24
  data arrival time                                                                        -5.88
  -----------------------------------------------------------------------------------------------------
  slack (MET)                                                                               0.36


  Startpoint: beamforming_in/steer_inst/valid_sr_reg[2]
               (rising edge-triggered flip-flop clocked by clk)
  Endpoint: beamforming_in/steer_inst/u_c2s1/ya_out_reg[5]
               (rising edge-triggered flip-flop clocked by clk)
  Path Group: clk
  Path Type: max

  Point                                                                      Incr       Path
  -------------------------------------------------------------------------------------------------
  clock clk (rise edge)                                                      0.00       0.00
  clock network delay (ideal)                                                0.50       0.50
  beamforming_in/steer_inst/valid_sr_reg[2]/CK (QDFFRBP)                     0.00       0.50 r
  beamforming_in/steer_inst/valid_sr_reg[2]/Q (QDFFRBP)                      0.42 *     0.92 f
  FE_PHC1165_beamforming_in_steer_inst_valid_sr_2/O (DELB)                   0.61 *     1.53 f
  FE_OFC1206_beamforming_in_steer_inst_valid_sr_2/O (INV4)                   0.16 *     1.68 r
  FE_OFC1209_beamforming_in_steer_inst_valid_sr_2/O (INV4)                   0.07 *     1.75 f
  FE_OFC1213_beamforming_in_steer_inst_valid_sr_2/O (BUF4CK)                 0.17 *     1.93 f
  U3386/O (NR2F)                                                             0.15 *     2.08 r
  FE_OFC764_n5982/O (BUF3)                                                   0.22 *     2.30 r
  FE_RC_1036_0/O (INV3)                                                      0.09 *     2.39 f
  FE_OFC768_n5982/O (INV3)                                                   0.13 *     2.52 r
  FE_OFC769_n5982/O (BUF2)                                                   0.21 *     2.73 r
  FE_OFC2726_n5982/O (BUF4)                                                  0.21 *     2.94 r
  FE_OFC2741_n5982/O (BUF1CK)                                                0.16 *     3.11 r
  U3039/O (AN2B1)                                                            0.27 *     3.37 r
  FE_OFC1400_n6605/O (INV1S)                                                 0.21 *     3.58 f
  U3741/S (FA1)                                                              0.72 *     4.30 r
  U8626/O (NR2T)                                                             0.12 *     4.41 f
  U8627/O (NR2P)                                                             0.21 *     4.62 r
  U8643/O (ND2P)                                                             0.14 *     4.76 f
  U8666/O (OAI12HP)                                                          0.26 *     5.02 r
  U8753/O (AOI12HS)                                                          0.15 *     5.18 f
  FE_RC_316_0/OB (MXL2HS)                                                    0.19 *     5.36 f
  U8757/OB (MXL2H)                                                           0.17 *     5.54 r
  U8978/OB (MXL2HS)                                                          0.12 *     5.66 f
  FE_PHC1295_n1694/O (BUF1)                                                  0.19 *     5.86 f
  beamforming_in/steer_inst/u_c2s1/ya_out_reg[5]/D (QDFFRBS)                 0.00 *     5.86 f
  data arrival time                                                                     5.86

  clock clk (rise edge)                                                      6.00       6.00
  clock network delay (ideal)                                                0.50       6.50
  clock reconvergence pessimism                                              0.00       6.50
  clock uncertainty                                                         -0.10       6.40
  beamforming_in/steer_inst/u_c2s1/ya_out_reg[5]/CK (QDFFRBS)                           6.40 r
  library setup time                                                        -0.16 *     6.24
  data required time                                                                    6.24
  -------------------------------------------------------------------------------------------------
  data required time                                                                    6.24
  data arrival time                                                                    -5.86
  -------------------------------------------------------------------------------------------------
  slack (MET)                                                                           0.39


  Startpoint: beamforming_in/steer_inst/valid_sr_reg[2]
               (rising edge-triggered flip-flop clocked by clk)
  Endpoint: beamforming_in/steer_inst/u_c2s1/ya_out_reg[2]
               (rising edge-triggered flip-flop clocked by clk)
  Path Group: clk
  Path Type: max

  Point                                                                      Incr       Path
  -------------------------------------------------------------------------------------------------
  clock clk (rise edge)                                                      0.00       0.00
  clock network delay (ideal)                                                0.50       0.50
  beamforming_in/steer_inst/valid_sr_reg[2]/CK (QDFFRBP)                     0.00       0.50 r
  beamforming_in/steer_inst/valid_sr_reg[2]/Q (QDFFRBP)                      0.42 *     0.92 f
  FE_PHC1165_beamforming_in_steer_inst_valid_sr_2/O (DELB)                   0.61 *     1.53 f
  FE_OFC1206_beamforming_in_steer_inst_valid_sr_2/O (INV4)                   0.16 *     1.68 r
  FE_OFC1209_beamforming_in_steer_inst_valid_sr_2/O (INV4)                   0.07 *     1.75 f
  FE_OFC1213_beamforming_in_steer_inst_valid_sr_2/O (BUF4CK)                 0.17 *     1.93 f
  U5017/O (NR2)                                                              0.17 *     2.10 r
  FE_OFC1626_n5984/O (INV2)                                                  0.14 *     2.24 f
  FE_OFC1793_n6068/O (INV4)                                                  0.17 *     2.41 r
  FE_OFC1794_n6068/O (BUF1)                                                  0.26 *     2.67 r
  U8336/O (AN2)                                                              0.21 *     2.88 r
  U8337/O (OR2B1S)                                                           0.18 *     3.06 f
  U4087/O (NR2P)                                                             0.25 *     3.31 r
  U4866/O (INV2)                                                             0.09 *     3.41 f
  U8632/S (HA1)                                                              0.32 *     3.73 f
  FE_RC_302_0/O (OR2)                                                        0.23 *     3.96 f
  FE_RC_301_0/O (ND2)                                                        0.08 *     4.04 r
  FE_RC_300_0/O (ND2)                                                        0.09 *     4.13 f
  FE_RC_299_0/O (OAI12HS)                                                    0.10 *     4.23 r
  U3653/O (ND2)                                                              0.21 *     4.44 f
  FE_RC_986_0/O (OAI12H)                                                     0.29 *     4.73 r
  U8787/O (INV1S)                                                            0.13 *     4.86 f
  U8788/O (OAI12HS)                                                          0.23 *     5.09 r
  FE_RC_1616_0/O (AOI12H)                                                    0.08 *     5.16 f
  FE_RC_700_0/OB (MXL2HS)                                                    0.17 *     5.34 f
  FE_RC_292_0/O (ND2P)                                                       0.13 *     5.46 r
  FE_RC_291_0/O (ND2T)                                                       0.09 *     5.55 f
  U8989/O (MUX2)                                                             0.27 *     5.82 f
  beamforming_in/steer_inst/u_c2s1/ya_out_reg[2]/D (QDFFRBN)                 0.00 *     5.82 f
  data arrival time                                                                     5.82

  clock clk (rise edge)                                                      6.00       6.00
  clock network delay (ideal)                                                0.50       6.50
  clock reconvergence pessimism                                              0.00       6.50
  clock uncertainty                                                         -0.10       6.40
  beamforming_in/steer_inst/u_c2s1/ya_out_reg[2]/CK (QDFFRBN)                           6.40 r
  library setup time                                                        -0.16 *     6.24
  data required time                                                                    6.24
  -------------------------------------------------------------------------------------------------
  data required time                                                                    6.24
  data arrival time                                                                    -5.82
  -------------------------------------------------------------------------------------------------
  slack (MET)                                                                           0.42


  Startpoint: beamforming_in/steer_inst/valid_sr_reg[2]
               (rising edge-triggered flip-flop clocked by clk)
  Endpoint: beamforming_in/steer_inst/u_c2s1/ya_r_reg[2]
               (rising edge-triggered flip-flop clocked by clk)
  Path Group: clk
  Path Type: max

  Point                                                                      Incr       Path
  -------------------------------------------------------------------------------------------------
  clock clk (rise edge)                                                      0.00       0.00
  clock network delay (ideal)                                                0.50       0.50
  beamforming_in/steer_inst/valid_sr_reg[2]/CK (QDFFRBP)                     0.00       0.50 r
  beamforming_in/steer_inst/valid_sr_reg[2]/Q (QDFFRBP)                      0.42 *     0.92 f
  FE_PHC1165_beamforming_in_steer_inst_valid_sr_2/O (DELB)                   0.61 *     1.53 f
  FE_OFC1206_beamforming_in_steer_inst_valid_sr_2/O (INV4)                   0.16 *     1.68 r
  FE_OFC1209_beamforming_in_steer_inst_valid_sr_2/O (INV4)                   0.07 *     1.75 f
  FE_OFC1213_beamforming_in_steer_inst_valid_sr_2/O (BUF4CK)                 0.17 *     1.93 f
  U5017/O (NR2)                                                              0.17 *     2.10 r
  FE_OFC1626_n5984/O (INV2)                                                  0.14 *     2.24 f
  FE_OFC1793_n6068/O (INV4)                                                  0.17 *     2.41 r
  FE_OFC1794_n6068/O (BUF1)                                                  0.26 *     2.67 r
  U8336/O (AN2)                                                              0.21 *     2.88 r
  U8337/O (OR2B1S)                                                           0.18 *     3.06 f
  U4087/O (NR2P)                                                             0.25 *     3.31 r
  U4866/O (INV2)                                                             0.09 *     3.41 f
  U8632/S (HA1)                                                              0.32 *     3.73 f
  FE_RC_302_0/O (OR2)                                                        0.23 *     3.96 f
  FE_RC_301_0/O (ND2)                                                        0.08 *     4.04 r
  FE_RC_300_0/O (ND2)                                                        0.09 *     4.13 f
  FE_RC_299_0/O (OAI12HS)                                                    0.10 *     4.23 r
  U3653/O (ND2)                                                              0.21 *     4.44 f
  FE_RC_986_0/O (OAI12H)                                                     0.29 *     4.73 r
  U8787/O (INV1S)                                                            0.13 *     4.86 f
  U8788/O (OAI12HS)                                                          0.23 *     5.09 r
  FE_RC_1616_0/O (AOI12H)                                                    0.08 *     5.16 f
  FE_RC_700_0/OB (MXL2HS)                                                    0.17 *     5.34 f
  FE_RC_292_0/O (ND2P)                                                       0.13 *     5.46 r
  FE_RC_291_0/O (ND2T)                                                       0.09 *     5.55 f
  U8793/O (MUX2)                                                             0.27 *     5.82 f
  beamforming_in/steer_inst/u_c2s1/ya_r_reg[2]/D (QDFFRBN)                   0.00 *     5.82 f
  data arrival time                                                                     5.82

  clock clk (rise edge)                                                      6.00       6.00
  clock network delay (ideal)                                                0.50       6.50
  clock reconvergence pessimism                                              0.00       6.50
  clock uncertainty                                                         -0.10       6.40
  beamforming_in/steer_inst/u_c2s1/ya_r_reg[2]/CK (QDFFRBN)                             6.40 r
  library setup time                                                        -0.16 *     6.24
  data required time                                                                    6.24
  -------------------------------------------------------------------------------------------------
  data required time                                                                    6.24
  data arrival time                                                                    -5.82
  -------------------------------------------------------------------------------------------------
  slack (MET)                                                                           0.42


  Startpoint: beamforming_in/steer_inst/valid_sr_reg[2]
               (rising edge-triggered flip-flop clocked by clk)
  Endpoint: beamforming_in/steer_inst/u_c2s1/ya_r_reg[-1]
               (rising edge-triggered flip-flop clocked by clk)
  Path Group: clk
  Path Type: max

  Point                                                                      Incr       Path
  -------------------------------------------------------------------------------------------------
  clock clk (rise edge)                                                      0.00       0.00
  clock network delay (ideal)                                                0.50       0.50
  beamforming_in/steer_inst/valid_sr_reg[2]/CK (QDFFRBP)                     0.00       0.50 r
  beamforming_in/steer_inst/valid_sr_reg[2]/Q (QDFFRBP)                      0.42 *     0.92 f
  FE_PHC1165_beamforming_in_steer_inst_valid_sr_2/O (DELB)                   0.61 *     1.53 f
  FE_OFC1206_beamforming_in_steer_inst_valid_sr_2/O (INV4)                   0.16 *     1.68 r
  FE_OFC1209_beamforming_in_steer_inst_valid_sr_2/O (INV4)                   0.07 *     1.75 f
  FE_OFC1213_beamforming_in_steer_inst_valid_sr_2/O (BUF4CK)                 0.17 *     1.93 f
  U8058/O (NR2)                                                              0.37 *     2.30 r
  U8273/O (AN2B1S)                                                           0.20 *     2.49 r
  U4088/O (OR2B1S)                                                           0.17 *     2.67 f
  U3339/O (NR2P)                                                             0.22 *     2.88 r
  U8280/O (INV1S)                                                            0.20 *     3.09 f
  U8644/C (HA1)                                                              0.26 *     3.34 f
  U8639/S (HA1)                                                              0.32 *     3.66 r
  FE_RC_443_0/O (INV1S)                                                      0.13 *     3.80 f
  FE_RC_441_0/O (AOI22S)                                                     0.17 *     3.97 r
  FE_RC_440_0/O (OR2)                                                        0.22 *     4.18 r
  FE_RC_433_0/O (ND2)                                                        0.14 *     4.32 f
  U8653/O (NR2P)                                                             0.19 *     4.51 r
  U2636/O (NR2P)                                                             0.13 *     4.64 f
  U8662/O (AOI12HP)                                                          0.19 *     4.83 r
  FE_OFC1560_n6720/O (INV4)                                                  0.11 *     4.94 f
  U8811/O (XNR2HS)                                                           0.16 *     5.10 f
  FE_RC_729_0/O (OR2B1S)                                                     0.15 *     5.25 r
  FE_RC_728_0/O (ND2)                                                        0.21 *     5.46 f
  U8815/O (MUX2)                                                             0.33 *     5.79 f
  beamforming_in/steer_inst/u_c2s1/ya_r_reg[-1]/D (QDFFRBN)                  0.00 *     5.79 f
  data arrival time                                                                     5.79

  clock clk (rise edge)                                                      6.00       6.00
  clock network delay (ideal)                                                0.50       6.50
  clock reconvergence pessimism                                              0.00       6.50
  clock uncertainty                                                         -0.10       6.40
  beamforming_in/steer_inst/u_c2s1/ya_r_reg[-1]/CK (QDFFRBN)                            6.40 r
  library setup time                                                        -0.16 *     6.24
  data required time                                                                    6.24
  -------------------------------------------------------------------------------------------------
  data required time                                                                    6.24
  data arrival time                                                                    -5.79
  -------------------------------------------------------------------------------------------------
  slack (MET)                                                                           0.45


  Startpoint: beamforming_in/steer_inst/valid_sr_reg[2]
               (rising edge-triggered flip-flop clocked by clk)
  Endpoint: beamforming_in/steer_inst/u_c2s1/ya_out_reg[1]
               (rising edge-triggered flip-flop clocked by clk)
  Path Group: clk
  Path Type: max

  Point                                                                      Incr       Path
  -------------------------------------------------------------------------------------------------
  clock clk (rise edge)                                                      0.00       0.00
  clock network delay (ideal)                                                0.50       0.50
  beamforming_in/steer_inst/valid_sr_reg[2]/CK (QDFFRBP)                     0.00       0.50 r
  beamforming_in/steer_inst/valid_sr_reg[2]/Q (QDFFRBP)                      0.42 *     0.92 f
  FE_PHC1165_beamforming_in_steer_inst_valid_sr_2/O (DELB)                   0.61 *     1.53 f
  FE_OFC1206_beamforming_in_steer_inst_valid_sr_2/O (INV4)                   0.16 *     1.68 r
  FE_OFC1209_beamforming_in_steer_inst_valid_sr_2/O (INV4)                   0.07 *     1.75 f
  FE_OFC1213_beamforming_in_steer_inst_valid_sr_2/O (BUF4CK)                 0.17 *     1.93 f
  U8058/O (NR2)                                                              0.37 *     2.30 r
  U8273/O (AN2B1S)                                                           0.20 *     2.49 r
  U4088/O (OR2B1S)                                                           0.17 *     2.67 f
  U3339/O (NR2P)                                                             0.22 *     2.88 r
  U8280/O (INV1S)                                                            0.20 *     3.09 f
  U8644/C (HA1)                                                              0.26 *     3.34 f
  U8639/S (HA1)                                                              0.32 *     3.66 r
  FE_RC_443_0/O (INV1S)                                                      0.13 *     3.79 f
  FE_RC_441_0/O (AOI22S)                                                     0.17 *     3.97 r
  FE_RC_440_0/O (OR2)                                                        0.22 *     4.18 r
  FE_RC_433_0/O (ND2)                                                        0.14 *     4.32 f
  U8653/O (NR2P)                                                             0.19 *     4.51 r
  U2636/O (NR2P)                                                             0.13 *     4.64 f
  U8662/O (AOI12HP)                                                          0.19 *     4.83 r
  FE_OFC1560_n6720/O (INV4)                                                  0.11 *     4.94 f
  U4941/O (AOI12HS)                                                          0.20 *     5.14 r
  U4745/O (XNR2HS)                                                           0.19 *     5.33 r
  U8797/OB (MXL2H)                                                           0.15 *     5.48 f
  U8994/O (MUX2)                                                             0.30 *     5.78 f
  beamforming_in/steer_inst/u_c2s1/ya_out_reg[1]/D (QDFFRBN)                 0.00 *     5.78 f
  data arrival time                                                                     5.78

  clock clk (rise edge)                                                      6.00       6.00
  clock network delay (ideal)                                                0.50       6.50
  clock reconvergence pessimism                                              0.00       6.50
  clock uncertainty                                                         -0.10       6.40
  beamforming_in/steer_inst/u_c2s1/ya_out_reg[1]/CK (QDFFRBN)                           6.40 r
  library setup time                                                        -0.16 *     6.24
  data required time                                                                    6.24
  -------------------------------------------------------------------------------------------------
  data required time                                                                    6.24
  data arrival time                                                                    -5.78
  -------------------------------------------------------------------------------------------------
  slack (MET)                                                                           0.46


  Startpoint: beamforming_in/steer_inst/valid_sr_reg[2]
               (rising edge-triggered flip-flop clocked by clk)
  Endpoint: beamforming_in/steer_inst/u_c2s1/ya_r_reg[1]
               (rising edge-triggered flip-flop clocked by clk)
  Path Group: clk
  Path Type: max

  Point                                                                      Incr       Path
  -------------------------------------------------------------------------------------------------
  clock clk (rise edge)                                                      0.00       0.00
  clock network delay (ideal)                                                0.50       0.50
  beamforming_in/steer_inst/valid_sr_reg[2]/CK (QDFFRBP)                     0.00       0.50 r
  beamforming_in/steer_inst/valid_sr_reg[2]/Q (QDFFRBP)                      0.42 *     0.92 f
  FE_PHC1165_beamforming_in_steer_inst_valid_sr_2/O (DELB)                   0.61 *     1.53 f
  FE_OFC1206_beamforming_in_steer_inst_valid_sr_2/O (INV4)                   0.16 *     1.68 r
  FE_OFC1209_beamforming_in_steer_inst_valid_sr_2/O (INV4)                   0.07 *     1.75 f
  FE_OFC1213_beamforming_in_steer_inst_valid_sr_2/O (BUF4CK)                 0.17 *     1.93 f
  U8058/O (NR2)                                                              0.37 *     2.30 r
  U8273/O (AN2B1S)                                                           0.20 *     2.49 r
  U4088/O (OR2B1S)                                                           0.17 *     2.67 f
  U3339/O (NR2P)                                                             0.22 *     2.88 r
  U8280/O (INV1S)                                                            0.20 *     3.09 f
  U8644/C (HA1)                                                              0.26 *     3.34 f
  U8639/S (HA1)                                                              0.32 *     3.66 r
  FE_RC_443_0/O (INV1S)                                                      0.13 *     3.79 f
  FE_RC_441_0/O (AOI22S)                                                     0.17 *     3.97 r
  FE_RC_440_0/O (OR2)                                                        0.22 *     4.18 r
  FE_RC_433_0/O (ND2)                                                        0.14 *     4.32 f
  U8653/O (NR2P)                                                             0.19 *     4.51 r
  U2636/O (NR2P)                                                             0.13 *     4.64 f
  U8662/O (AOI12HP)                                                          0.19 *     4.83 r
  FE_OFC1560_n6720/O (INV4)                                                  0.11 *     4.94 f
  U4941/O (AOI12HS)                                                          0.20 *     5.14 r
  U4745/O (XNR2HS)                                                           0.19 *     5.33 r
  U8797/OB (MXL2H)                                                           0.15 *     5.48 f
  U8798/O (MUX2)                                                             0.30 *     5.78 f
  beamforming_in/steer_inst/u_c2s1/ya_r_reg[1]/D (QDFFRBN)                   0.00 *     5.78 f
  data arrival time                                                                     5.78

  clock clk (rise edge)                                                      6.00       6.00
  clock network delay (ideal)                                                0.50       6.50
  clock reconvergence pessimism                                              0.00       6.50
  clock uncertainty                                                         -0.10       6.40
  beamforming_in/steer_inst/u_c2s1/ya_r_reg[1]/CK (QDFFRBN)                             6.40 r
  library setup time                                                        -0.16 *     6.24
  data required time                                                                    6.24
  -------------------------------------------------------------------------------------------------
  data required time                                                                    6.24
  data arrival time                                                                    -5.78
  -------------------------------------------------------------------------------------------------
  slack (MET)                                                                           0.46


  Startpoint: beamforming_in/steer_inst/valid_sr_reg[2]
               (rising edge-triggered flip-flop clocked by clk)
  Endpoint: beamforming_in/steer_inst/u_c2s1/xa_out_reg[3]
               (rising edge-triggered flip-flop clocked by clk)
  Path Group: clk
  Path Type: max

  Point                                                                      Incr       Path
  -------------------------------------------------------------------------------------------------
  clock clk (rise edge)                                                      0.00       0.00
  clock network delay (ideal)                                                0.50       0.50
  beamforming_in/steer_inst/valid_sr_reg[2]/CK (QDFFRBP)                     0.00       0.50 r
  beamforming_in/steer_inst/valid_sr_reg[2]/Q (QDFFRBP)                      0.42 *     0.92 f
  FE_PHC1165_beamforming_in_steer_inst_valid_sr_2/O (DELB)                   0.61 *     1.53 f
  FE_OFC1206_beamforming_in_steer_inst_valid_sr_2/O (INV4)                   0.16 *     1.68 r
  FE_OFC1209_beamforming_in_steer_inst_valid_sr_2/O (INV4)                   0.07 *     1.75 f
  FE_OFC1213_beamforming_in_steer_inst_valid_sr_2/O (BUF4CK)                 0.17 *     1.93 f
  U5017/O (NR2)                                                              0.17 *     2.10 r
  FE_OFC1626_n5984/O (INV2)                                                  0.14 *     2.24 f
  FE_OFC1793_n6068/O (INV4)                                                  0.17 *     2.41 r
  FE_OFC1794_n6068/O (BUF1)                                                  0.26 *     2.67 r
  U8336/O (AN2)                                                              0.21 *     2.88 r
  U8337/O (OR2B1S)                                                           0.18 *     3.06 f
  U4087/O (NR2P)                                                             0.25 *     3.31 r
  U4866/O (INV2)                                                             0.09 *     3.41 f
  U8372/S (HA1)                                                              0.35 *     3.75 r
  FE_RC_670_0/O (INV1S)                                                      0.11 *     3.86 f
  FE_RC_669_0/O (ND2)                                                        0.12 *     3.99 r
  FE_RC_668_0/O (ND2)                                                        0.09 *     4.08 f
  FE_RC_667_0/O (ND2)                                                        0.09 *     4.17 r
  FE_RC_666_0/O (ND2)                                                        0.11 *     4.28 f
  U8366/O (NR2)                                                              0.24 *     4.52 r
  U8378/O (NR2P)                                                             0.18 *     4.70 f
  U8399/O (ND2P)                                                             0.17 *     4.87 r
  FE_RC_197_0/O (OAI12HT)                                                    0.12 *     4.99 f
  U8524/O (XNR2H)                                                            0.18 *     5.18 f
  FE_RC_1177_0/O (AOI22H)                                                    0.26 *     5.43 r
  FE_RC_939_0/O (INV4)                                                       0.08 *     5.51 f
  FE_RC_1645_0/O (AOI22S)                                                    0.16 *     5.67 r
  FE_RC_1646_0/O (INV1S)                                                     0.11 *     5.78 f
  beamforming_in/steer_inst/u_c2s1/xa_out_reg[3]/D (QDFFRBN)                 0.00 *     5.78 f
  data arrival time                                                                     5.78

  clock clk (rise edge)                                                      6.00       6.00
  clock network delay (ideal)                                                0.50       6.50
  clock reconvergence pessimism                                              0.00       6.50
  clock uncertainty                                                         -0.10       6.40
  beamforming_in/steer_inst/u_c2s1/xa_out_reg[3]/CK (QDFFRBN)                           6.40 r
  library setup time                                                        -0.16 *     6.24
  data required time                                                                    6.24
  -------------------------------------------------------------------------------------------------
  data required time                                                                    6.24
  data arrival time                                                                    -5.78
  -------------------------------------------------------------------------------------------------
  slack (MET)                                                                           0.46


  Startpoint: beamforming_in/steer_inst/valid_sr_reg[2]
               (rising edge-triggered flip-flop clocked by clk)
  Endpoint: beamforming_in/steer_inst/u_c2s1/ya_out_reg[-1]
               (rising edge-triggered flip-flop clocked by clk)
  Path Group: clk
  Path Type: max

  Point                                                                       Incr       Path
  --------------------------------------------------------------------------------------------------
  clock clk (rise edge)                                                       0.00       0.00
  clock network delay (ideal)                                                 0.50       0.50
  beamforming_in/steer_inst/valid_sr_reg[2]/CK (QDFFRBP)                      0.00       0.50 r
  beamforming_in/steer_inst/valid_sr_reg[2]/Q (QDFFRBP)                       0.42 *     0.92 f
  FE_PHC1165_beamforming_in_steer_inst_valid_sr_2/O (DELB)                    0.61 *     1.53 f
  FE_OFC1206_beamforming_in_steer_inst_valid_sr_2/O (INV4)                    0.16 *     1.68 r
  FE_OFC1209_beamforming_in_steer_inst_valid_sr_2/O (INV4)                    0.07 *     1.75 f
  FE_OFC1213_beamforming_in_steer_inst_valid_sr_2/O (BUF4CK)                  0.17 *     1.93 f
  U8058/O (NR2)                                                               0.37 *     2.30 r
  U8273/O (AN2B1S)                                                            0.20 *     2.49 r
  U4088/O (OR2B1S)                                                            0.17 *     2.67 f
  U3339/O (NR2P)                                                              0.22 *     2.88 r
  U8280/O (INV1S)                                                             0.20 *     3.09 f
  U8644/C (HA1)                                                               0.26 *     3.34 f
  U8639/S (HA1)                                                               0.32 *     3.66 r
  FE_RC_443_0/O (INV1S)                                                       0.13 *     3.80 f
  FE_RC_441_0/O (AOI22S)                                                      0.17 *     3.97 r
  FE_RC_440_0/O (OR2)                                                         0.22 *     4.18 r
  FE_RC_433_0/O (ND2)                                                         0.14 *     4.32 f
  U8653/O (NR2P)                                                              0.19 *     4.51 r
  U2636/O (NR2P)                                                              0.13 *     4.64 f
  U8662/O (AOI12HP)                                                           0.19 *     4.83 r
  FE_OFC1560_n6720/O (INV4)                                                   0.11 *     4.94 f
  U8811/O (XNR2HS)                                                            0.16 *     5.10 f
  FE_RC_729_0/O (OR2B1S)                                                      0.15 *     5.25 r
  FE_RC_728_0/O (ND2)                                                         0.21 *     5.46 f
  U9002/O (MUX2)                                                              0.32 *     5.78 f
  beamforming_in/steer_inst/u_c2s1/ya_out_reg[-1]/D (QDFFRBN)                 0.00 *     5.78 f
  data arrival time                                                                      5.78

  clock clk (rise edge)                                                       6.00       6.00
  clock network delay (ideal)                                                 0.50       6.50
  clock reconvergence pessimism                                               0.00       6.50
  clock uncertainty                                                          -0.10       6.40
  beamforming_in/steer_inst/u_c2s1/ya_out_reg[-1]/CK (QDFFRBN)                           6.40 r
  library setup time                                                         -0.16 *     6.24
  data required time                                                                     6.24
  --------------------------------------------------------------------------------------------------
  data required time                                                                     6.24
  data arrival time                                                                     -5.78
  --------------------------------------------------------------------------------------------------
  slack (MET)                                                                            0.46

Warning: report_timing has satisfied the max_paths criteria. There are 2792 further endpoints which have paths of interest with slack less than   999.00 that were not considered when generating this report. (UITE-502)

1
