****************************************
Report : timing
	-path_type full
	-delay_type max
	-slack_lesser_than 999.00
	-max_paths 10
	-sort_by slack
Design : CHIP
Version: U-2022.12
Date   : Tue Jun  9 15:05:56 2026
****************************************


  Startpoint: beamforming_in/steer_inst/valid_sr_reg[2]
               (rising edge-triggered flip-flop clocked by clk)
  Endpoint: beamforming_in/steer_inst/u_c2s1/xa_r_reg[-1]
               (rising edge-triggered flip-flop clocked by clk)
  Last common pin: CTS_ccl_INV_clk_G0_L3_1/O
  Path Group: clk
  Path Type: max

  Point                                                                      Incr       Path
  -------------------------------------------------------------------------------------------------
  clock clk (rise edge)                                                      0.00       0.00
  clock network delay (propagated)                                           0.49 *     0.49
  beamforming_in/steer_inst/valid_sr_reg[2]/CK (QDFFRBP)                     0.00       0.49 r
  beamforming_in/steer_inst/valid_sr_reg[2]/Q (QDFFRBP)                      0.42 *     0.91 f
  FE_PHC1165_beamforming_in_steer_inst_valid_sr_2/O (DELB)                   0.61 *     1.52 f
  FE_OFC1206_beamforming_in_steer_inst_valid_sr_2/O (INV4)                   0.16 *     1.67 r
  FE_OFC1209_beamforming_in_steer_inst_valid_sr_2/O (INV4)                   0.07 *     1.74 f
  FE_OFC1213_beamforming_in_steer_inst_valid_sr_2/O (BUF4CK)                 0.17 *     1.92 f
  U5017/O (NR2)                                                              0.17 *     2.08 r
  FE_OFC1626_n5984/O (INV2)                                                  0.14 *     2.23 f
  FE_OFC1793_n6068/O (INV4)                                                  0.17 *     2.40 r
  FE_OFC1795_n6068/O (BUF2)                                                  0.27 *     2.67 r
  FE_OFC1879_FE_OFN968_n5984/O (INV1S)                                       0.14 *     2.80 f
  FE_OFC1881_FE_OFN968_n5984/O (INV2)                                        0.22 *     3.03 r
  U8302/O (NR2T)                                                             0.15 *     3.17 f
  FE_RC_57_0/O (AOI22H)                                                      0.30 *     3.48 r
  FE_RC_212_0/O (AOI22HP)                                                    0.12 *     3.60 f
  FE_RC_1161_0/O (AOI22HP)                                                   0.23 *     3.83 r
  U8322/O (INV3)                                                             0.08 *     3.91 f
  FE_RC_246_0/O (ND2)                                                        0.13 *     4.04 r
  FE_RC_424_0/O (OAI12H)                                                     0.11 *     4.15 f
  FE_RC_244_0/OB (MXL2H)                                                     0.18 *     4.33 f
  U8333/O (NR2T)                                                             0.12 *     4.45 r
  U8349/O (NR2P)                                                             0.13 *     4.59 f
  U8358/O (AOI12HP)                                                          0.23 *     4.81 r
  U8540/O (INV3)                                                             0.11 *     4.92 f
  U8567/O (XNR2HS)                                                           0.15 *     5.07 f
  FE_RC_860_0/O (AO22)                                                       0.32 *     5.39 f
  U8571/O (MUX2)                                                             0.28 *     5.66 f
  FE_PHC1191_n1350/O (DELA)                                                  0.31 *     5.97 f
  beamforming_in/steer_inst/u_c2s1/xa_r_reg[-1]/D (QDFFRBN)                  0.00 *     5.97 f
  data arrival time                                                                     5.97

  clock clk (rise edge)                                                      5.50       5.50
  clock network delay (propagated)                                           0.79 *     6.29
  clock reconvergence pessimism                                              0.00       6.29
  clock uncertainty                                                         -0.10       6.19
  beamforming_in/steer_inst/u_c2s1/xa_r_reg[-1]/CK (QDFFRBN)                            6.19 r
  library setup time                                                        -0.16 *     6.03
  data required time                                                                    6.03
  -------------------------------------------------------------------------------------------------
  data required time                                                                    6.03
  data arrival time                                                                    -5.97
  -------------------------------------------------------------------------------------------------
  slack (MET)                                                                           0.06


  Startpoint: beamforming_in/steer_inst/u_c1s1/iter_r_reg[0]
               (rising edge-triggered flip-flop clocked by clk)
  Endpoint: beamforming_in/steer_inst/u_c1s1/xb_r_reg[5]
               (rising edge-triggered flip-flop clocked by clk)
  Last common pin: CTS_ccl_a_INV_clk_G0_L4_2/O
  Path Group: clk
  Path Type: max

  Point                                                                          Incr       Path
  -----------------------------------------------------------------------------------------------------
  clock clk (rise edge)                                                          0.00       0.00
  clock network delay (propagated)                                               0.51 *     0.51
  beamforming_in/steer_inst/u_c1s1/iter_r_reg[0]/CK (QDFFRBN)                    0.00       0.51 r
  beamforming_in/steer_inst/u_c1s1/iter_r_reg[0]/Q (QDFFRBN)                     0.40 *     0.91 r
  FE_PHC1163_beamforming_in_steer_inst_u_c1s1_iter_r_0/O (BUF1S)                 0.38 *     1.29 r
  U5110/O (INV2)                                                                 0.17 *     1.47 f
  U5111/O (NR2F)                                                                 0.13 *     1.60 r
  FE_OFC1606_n5267/O (BUF8CK)                                                    0.17 *     1.77 r
  FE_OFC1608_n5267/O (INV3)                                                      0.05 *     1.82 f
  FE_OFC1613_n5267/O (INV4)                                                      0.07 *     1.90 r
  FE_OFC2724_n5267/O (BUF6CK)                                                    0.17 *     2.07 r
  FE_OFC2740_n5267/O (BUF2)                                                      0.16 *     2.23 r
  FE_OFC1615_n5267/O (INV2)                                                      0.05 *     2.28 f
  FE_OFC1267_n5267/O (INV2)                                                      0.07 *     2.35 r
  FE_OCPC2125_FE_OFN949_n5267/O (INV2)                                           0.11 *     2.46 f
  FE_OCPC2129_FE_OFN949_n5267/O (INV1S)                                          0.08 *     2.54 r
  FE_RC_1153_0/O (INV1S)                                                         0.17 *     2.72 f
  FE_RC_1553_0/O (AOI22HP)                                                       0.22 *     2.94 r
  U4856_dup/O (OR2B1S)                                                           0.16 *     3.10 f
  FE_RC_1662_0/O (AOI22H)                                                        0.28 *     3.38 r
  U10389/OB (MXL2H)                                                              0.16 *     3.54 f
  U3285/S (FA1)                                                                  0.38 *     3.92 r
  U10442/O (NR2T)                                                                0.14 *     4.06 f
  FE_RC_1093_0/O (OAI12H)                                                        0.21 *     4.27 r
  U10449/O (AOI12HP)                                                             0.09 *     4.36 f
  U10460/O (OAI12H)                                                              0.29 *     4.65 r
  U10495/O (AOI12HS)                                                             0.16 *     4.80 f
  FE_RC_926_0/OB (MXL2HS)                                                        0.20 *     5.00 f
  U10497/O (ND2P)                                                                0.13 *     5.14 r
  FE_RC_1572_0/O (ND2P)                                                          0.07 *     5.21 f
  FE_RC_1571_0/O (ND2P)                                                          0.07 *     5.28 r
  FE_RC_1570_0/O (ND2)                                                           0.08 *     5.35 f
  FE_PHC1196_n1432/O (DELB)                                                      0.54 *     5.89 f
  beamforming_in/steer_inst/u_c1s1/xb_r_reg[5]/D (QDFFRBP)                       0.00 *     5.89 f
  data arrival time                                                                         5.89

  clock clk (rise edge)                                                          5.50       5.50
  clock network delay (propagated)                                               0.78 *     6.28
  clock reconvergence pessimism                                                  0.00       6.28
  clock uncertainty                                                             -0.10       6.18
  beamforming_in/steer_inst/u_c1s1/xb_r_reg[5]/CK (QDFFRBP)                                 6.18 r
  library setup time                                                            -0.16 *     6.02
  data required time                                                                        6.02
  -----------------------------------------------------------------------------------------------------
  data required time                                                                        6.02
  data arrival time                                                                        -5.89
  -----------------------------------------------------------------------------------------------------
  slack (MET)                                                                               0.13


  Startpoint: beamforming_in/steer_inst/valid_sr_reg[2]
               (rising edge-triggered flip-flop clocked by clk)
  Endpoint: beamforming_in/steer_inst/u_c2s1/ya_out_reg[5]
               (rising edge-triggered flip-flop clocked by clk)
  Last common pin: CTS_ccl_INV_clk_G0_L3_1/O
  Path Group: clk
  Path Type: max

  Point                                                                      Incr       Path
  -------------------------------------------------------------------------------------------------
  clock clk (rise edge)                                                      0.00       0.00
  clock network delay (propagated)                                           0.49 *     0.49
  beamforming_in/steer_inst/valid_sr_reg[2]/CK (QDFFRBP)                     0.00       0.49 r
  beamforming_in/steer_inst/valid_sr_reg[2]/Q (QDFFRBP)                      0.42 *     0.91 f
  FE_PHC1165_beamforming_in_steer_inst_valid_sr_2/O (DELB)                   0.61 *     1.52 f
  FE_OFC1206_beamforming_in_steer_inst_valid_sr_2/O (INV4)                   0.16 *     1.67 r
  FE_OFC1209_beamforming_in_steer_inst_valid_sr_2/O (INV4)                   0.07 *     1.74 f
  FE_OFC1213_beamforming_in_steer_inst_valid_sr_2/O (BUF4CK)                 0.17 *     1.92 f
  U3386/O (NR2F)                                                             0.15 *     2.07 r
  FE_OFC764_n5982/O (BUF3)                                                   0.22 *     2.29 r
  FE_RC_1036_0/O (INV3)                                                      0.09 *     2.38 f
  FE_OFC768_n5982/O (INV3)                                                   0.13 *     2.51 r
  FE_OFC769_n5982/O (BUF2)                                                   0.21 *     2.72 r
  FE_OFC2726_n5982/O (BUF4)                                                  0.21 *     2.93 r
  FE_OFC2741_n5982/O (BUF1CK)                                                0.16 *     3.09 r
  U3039/O (AN2B1)                                                            0.27 *     3.36 r
  FE_OFC1400_n6605/O (INV1S)                                                 0.21 *     3.57 f
  U3741/S (FA1)                                                              0.72 *     4.29 r
  U8626/O (NR2T)                                                             0.12 *     4.40 f
  U8627/O (NR2P)                                                             0.21 *     4.61 r
  U8643/O (ND2P)                                                             0.14 *     4.75 f
  U8666/O (OAI12HP)                                                          0.26 *     5.01 r
  U8753/O (AOI12HS)                                                          0.15 *     5.16 f
  FE_RC_316_0/OB (MXL2HS)                                                    0.19 *     5.35 f
  U8757/OB (MXL2H)                                                           0.17 *     5.53 r
  U8978/OB (MXL2HS)                                                          0.12 *     5.65 f
  FE_PHC1295_n1694/O (BUF1)                                                  0.19 *     5.84 f
  beamforming_in/steer_inst/u_c2s1/ya_out_reg[5]/D (QDFFRBS)                 0.00 *     5.84 f
  data arrival time                                                                     5.84

  clock clk (rise edge)                                                      5.50       5.50
  clock network delay (propagated)                                           0.78 *     6.28
  clock reconvergence pessimism                                              0.00       6.28
  clock uncertainty                                                         -0.10       6.18
  beamforming_in/steer_inst/u_c2s1/ya_out_reg[5]/CK (QDFFRBS)                           6.18 r
  library setup time                                                        -0.16 *     6.02
  data required time                                                                    6.02
  -------------------------------------------------------------------------------------------------
  data required time                                                                    6.02
  data arrival time                                                                    -5.84
  -------------------------------------------------------------------------------------------------
  slack (MET)                                                                           0.18


  Startpoint: beamforming_in/steer_inst/valid_sr_reg[2]
               (rising edge-triggered flip-flop clocked by clk)
  Endpoint: beamforming_in/steer_inst/u_c2s1/ya_out_reg[2]
               (rising edge-triggered flip-flop clocked by clk)
  Last common pin: CTS_ccl_INV_clk_G0_L3_1/O
  Path Group: clk
  Path Type: max

  Point                                                                      Incr       Path
  -------------------------------------------------------------------------------------------------
  clock clk (rise edge)                                                      0.00       0.00
  clock network delay (propagated)                                           0.49 *     0.49
  beamforming_in/steer_inst/valid_sr_reg[2]/CK (QDFFRBP)                     0.00       0.49 r
  beamforming_in/steer_inst/valid_sr_reg[2]/Q (QDFFRBP)                      0.42 *     0.91 f
  FE_PHC1165_beamforming_in_steer_inst_valid_sr_2/O (DELB)                   0.61 *     1.52 f
  FE_OFC1206_beamforming_in_steer_inst_valid_sr_2/O (INV4)                   0.16 *     1.67 r
  FE_OFC1209_beamforming_in_steer_inst_valid_sr_2/O (INV4)                   0.07 *     1.74 f
  FE_OFC1213_beamforming_in_steer_inst_valid_sr_2/O (BUF4CK)                 0.17 *     1.92 f
  U5017/O (NR2)                                                              0.17 *     2.08 r
  FE_OFC1626_n5984/O (INV2)                                                  0.14 *     2.23 f
  FE_OFC1793_n6068/O (INV4)                                                  0.17 *     2.40 r
  FE_OFC1794_n6068/O (BUF1)                                                  0.26 *     2.66 r
  U8336/O (AN2)                                                              0.21 *     2.87 r
  U8337/O (OR2B1S)                                                           0.18 *     3.05 f
  U4087/O (NR2P)                                                             0.25 *     3.30 r
  U4866/O (INV2)                                                             0.09 *     3.40 f
  U8632/S (HA1)                                                              0.32 *     3.72 f
  FE_RC_302_0/O (OR2)                                                        0.23 *     3.95 f
  FE_RC_301_0/O (ND2)                                                        0.08 *     4.03 r
  FE_RC_300_0/O (ND2)                                                        0.09 *     4.12 f
  FE_RC_299_0/O (OAI12HS)                                                    0.10 *     4.22 r
  U3653/O (ND2)                                                              0.21 *     4.43 f
  FE_RC_986_0/O (OAI12H)                                                     0.29 *     4.72 r
  U8787/O (INV1S)                                                            0.13 *     4.85 f
  U8788/O (OAI12HS)                                                          0.23 *     5.08 r
  FE_RC_1616_0/O (AOI12H)                                                    0.08 *     5.15 f
  FE_RC_700_0/OB (MXL2HS)                                                    0.17 *     5.32 f
  FE_RC_292_0/O (ND2P)                                                       0.13 *     5.45 r
  FE_RC_291_0/O (ND2T)                                                       0.09 *     5.54 f
  U8989/O (MUX2)                                                             0.27 *     5.81 f
  beamforming_in/steer_inst/u_c2s1/ya_out_reg[2]/D (QDFFRBN)                 0.00 *     5.81 f
  data arrival time                                                                     5.81

  clock clk (rise edge)                                                      5.50       5.50
  clock network delay (propagated)                                           0.79 *     6.29
  clock reconvergence pessimism                                              0.00       6.29
  clock uncertainty                                                         -0.10       6.19
  beamforming_in/steer_inst/u_c2s1/ya_out_reg[2]/CK (QDFFRBN)                           6.19 r
  library setup time                                                        -0.16 *     6.03
  data required time                                                                    6.03
  -------------------------------------------------------------------------------------------------
  data required time                                                                    6.03
  data arrival time                                                                    -5.81
  -------------------------------------------------------------------------------------------------
  slack (MET)                                                                           0.22


  Startpoint: beamforming_in/steer_inst/valid_sr_reg[2]
               (rising edge-triggered flip-flop clocked by clk)
  Endpoint: beamforming_in/steer_inst/u_c2s1/ya_r_reg[2]
               (rising edge-triggered flip-flop clocked by clk)
  Last common pin: CTS_ccl_INV_clk_G0_L3_1/O
  Path Group: clk
  Path Type: max

  Point                                                                      Incr       Path
  -------------------------------------------------------------------------------------------------
  clock clk (rise edge)                                                      0.00       0.00
  clock network delay (propagated)                                           0.49 *     0.49
  beamforming_in/steer_inst/valid_sr_reg[2]/CK (QDFFRBP)                     0.00       0.49 r
  beamforming_in/steer_inst/valid_sr_reg[2]/Q (QDFFRBP)                      0.42 *     0.91 f
  FE_PHC1165_beamforming_in_steer_inst_valid_sr_2/O (DELB)                   0.61 *     1.52 f
  FE_OFC1206_beamforming_in_steer_inst_valid_sr_2/O (INV4)                   0.16 *     1.67 r
  FE_OFC1209_beamforming_in_steer_inst_valid_sr_2/O (INV4)                   0.07 *     1.74 f
  FE_OFC1213_beamforming_in_steer_inst_valid_sr_2/O (BUF4CK)                 0.17 *     1.92 f
  U5017/O (NR2)                                                              0.17 *     2.08 r
  FE_OFC1626_n5984/O (INV2)                                                  0.14 *     2.23 f
  FE_OFC1793_n6068/O (INV4)                                                  0.17 *     2.40 r
  FE_OFC1794_n6068/O (BUF1)                                                  0.26 *     2.66 r
  U8336/O (AN2)                                                              0.21 *     2.87 r
  U8337/O (OR2B1S)                                                           0.18 *     3.05 f
  U4087/O (NR2P)                                                             0.25 *     3.30 r
  U4866/O (INV2)                                                             0.09 *     3.40 f
  U8632/S (HA1)                                                              0.32 *     3.72 f
  FE_RC_302_0/O (OR2)                                                        0.23 *     3.95 f
  FE_RC_301_0/O (ND2)                                                        0.08 *     4.03 r
  FE_RC_300_0/O (ND2)                                                        0.09 *     4.12 f
  FE_RC_299_0/O (OAI12HS)                                                    0.10 *     4.22 r
  U3653/O (ND2)                                                              0.21 *     4.43 f
  FE_RC_986_0/O (OAI12H)                                                     0.29 *     4.72 r
  U8787/O (INV1S)                                                            0.13 *     4.85 f
  U8788/O (OAI12HS)                                                          0.23 *     5.08 r
  FE_RC_1616_0/O (AOI12H)                                                    0.08 *     5.15 f
  FE_RC_700_0/OB (MXL2HS)                                                    0.17 *     5.32 f
  FE_RC_292_0/O (ND2P)                                                       0.13 *     5.45 r
  FE_RC_291_0/O (ND2T)                                                       0.09 *     5.54 f
  U8793/O (MUX2)                                                             0.27 *     5.81 f
  beamforming_in/steer_inst/u_c2s1/ya_r_reg[2]/D (QDFFRBN)                   0.00 *     5.81 f
  data arrival time                                                                     5.81

  clock clk (rise edge)                                                      5.50       5.50
  clock network delay (propagated)                                           0.79 *     6.29
  clock reconvergence pessimism                                              0.00       6.29
  clock uncertainty                                                         -0.10       6.19
  beamforming_in/steer_inst/u_c2s1/ya_r_reg[2]/CK (QDFFRBN)                             6.19 r
  library setup time                                                        -0.16 *     6.03
  data required time                                                                    6.03
  -------------------------------------------------------------------------------------------------
  data required time                                                                    6.03
  data arrival time                                                                    -5.81
  -------------------------------------------------------------------------------------------------
  slack (MET)                                                                           0.22


  Startpoint: beamforming_in/steer_inst/valid_sr_reg[2]
               (rising edge-triggered flip-flop clocked by clk)
  Endpoint: beamforming_in/steer_inst/u_c2s1/ya_r_reg[-1]
               (rising edge-triggered flip-flop clocked by clk)
  Last common pin: CTS_ccl_INV_clk_G0_L3_1/O
  Path Group: clk
  Path Type: max

  Point                                                                      Incr       Path
  -------------------------------------------------------------------------------------------------
  clock clk (rise edge)                                                      0.00       0.00
  clock network delay (propagated)                                           0.49 *     0.49
  beamforming_in/steer_inst/valid_sr_reg[2]/CK (QDFFRBP)                     0.00       0.49 r
  beamforming_in/steer_inst/valid_sr_reg[2]/Q (QDFFRBP)                      0.42 *     0.91 f
  FE_PHC1165_beamforming_in_steer_inst_valid_sr_2/O (DELB)                   0.61 *     1.52 f
  FE_OFC1206_beamforming_in_steer_inst_valid_sr_2/O (INV4)                   0.16 *     1.67 r
  FE_OFC1209_beamforming_in_steer_inst_valid_sr_2/O (INV4)                   0.07 *     1.74 f
  FE_OFC1213_beamforming_in_steer_inst_valid_sr_2/O (BUF4CK)                 0.17 *     1.92 f
  U8058/O (NR2)                                                              0.37 *     2.29 r
  U8273/O (AN2B1S)                                                           0.20 *     2.48 r
  U4088/O (OR2B1S)                                                           0.17 *     2.66 f
  U3339/O (NR2P)                                                             0.22 *     2.87 r
  U8280/O (INV1S)                                                            0.20 *     3.07 f
  U8644/C (HA1)                                                              0.26 *     3.33 f
  U8639/S (HA1)                                                              0.32 *     3.65 r
  FE_RC_443_0/O (INV1S)                                                      0.13 *     3.78 f
  FE_RC_441_0/O (AOI22S)                                                     0.17 *     3.95 r
  FE_RC_440_0/O (OR2)                                                        0.22 *     4.17 r
  FE_RC_433_0/O (ND2)                                                        0.14 *     4.31 f
  U8653/O (NR2P)                                                             0.19 *     4.50 r
  U2636/O (NR2P)                                                             0.13 *     4.63 f
  U8662/O (AOI12HP)                                                          0.19 *     4.82 r
  FE_OFC1560_n6720/O (INV4)                                                  0.11 *     4.93 f
  U8811/O (XNR2HS)                                                           0.16 *     5.09 f
  FE_RC_729_0/O (OR2B1S)                                                     0.15 *     5.24 r
  FE_RC_728_0/O (ND2)                                                        0.21 *     5.45 f
  U8815/O (MUX2)                                                             0.33 *     5.78 f
  beamforming_in/steer_inst/u_c2s1/ya_r_reg[-1]/D (QDFFRBN)                  0.00 *     5.78 f
  data arrival time                                                                     5.78

  clock clk (rise edge)                                                      5.50       5.50
  clock network delay (propagated)                                           0.79 *     6.29
  clock reconvergence pessimism                                              0.00       6.29
  clock uncertainty                                                         -0.10       6.19
  beamforming_in/steer_inst/u_c2s1/ya_r_reg[-1]/CK (QDFFRBN)                            6.19 r
  library setup time                                                        -0.16 *     6.02
  data required time                                                                    6.02
  -------------------------------------------------------------------------------------------------
  data required time                                                                    6.02
  data arrival time                                                                    -5.78
  -------------------------------------------------------------------------------------------------
  slack (MET)                                                                           0.25


  Startpoint: beamforming_in/steer_inst/valid_sr_reg[2]
               (rising edge-triggered flip-flop clocked by clk)
  Endpoint: beamforming_in/steer_inst/u_c2s1/ya_out_reg[-1]
               (rising edge-triggered flip-flop clocked by clk)
  Last common pin: CTS_ccl_INV_clk_G0_L3_1/O
  Path Group: clk
  Path Type: max

  Point                                                                       Incr       Path
  --------------------------------------------------------------------------------------------------
  clock clk (rise edge)                                                       0.00       0.00
  clock network delay (propagated)                                            0.49 *     0.49
  beamforming_in/steer_inst/valid_sr_reg[2]/CK (QDFFRBP)                      0.00       0.49 r
  beamforming_in/steer_inst/valid_sr_reg[2]/Q (QDFFRBP)                       0.42 *     0.91 f
  FE_PHC1165_beamforming_in_steer_inst_valid_sr_2/O (DELB)                    0.61 *     1.52 f
  FE_OFC1206_beamforming_in_steer_inst_valid_sr_2/O (INV4)                    0.16 *     1.67 r
  FE_OFC1209_beamforming_in_steer_inst_valid_sr_2/O (INV4)                    0.07 *     1.74 f
  FE_OFC1213_beamforming_in_steer_inst_valid_sr_2/O (BUF4CK)                  0.17 *     1.92 f
  U8058/O (NR2)                                                               0.37 *     2.29 r
  U8273/O (AN2B1S)                                                            0.20 *     2.48 r
  U4088/O (OR2B1S)                                                            0.17 *     2.66 f
  U3339/O (NR2P)                                                              0.22 *     2.87 r
  U8280/O (INV1S)                                                             0.20 *     3.07 f
  U8644/C (HA1)                                                               0.26 *     3.33 f
  U8639/S (HA1)                                                               0.32 *     3.65 r
  FE_RC_443_0/O (INV1S)                                                       0.13 *     3.78 f
  FE_RC_441_0/O (AOI22S)                                                      0.17 *     3.95 r
  FE_RC_440_0/O (OR2)                                                         0.22 *     4.17 r
  FE_RC_433_0/O (ND2)                                                         0.14 *     4.31 f
  U8653/O (NR2P)                                                              0.19 *     4.50 r
  U2636/O (NR2P)                                                              0.13 *     4.63 f
  U8662/O (AOI12HP)                                                           0.19 *     4.82 r
  FE_OFC1560_n6720/O (INV4)                                                   0.11 *     4.93 f
  U8811/O (XNR2HS)                                                            0.16 *     5.09 f
  FE_RC_729_0/O (OR2B1S)                                                      0.15 *     5.24 r
  FE_RC_728_0/O (ND2)                                                         0.21 *     5.45 f
  U9002/O (MUX2)                                                              0.32 *     5.77 f
  beamforming_in/steer_inst/u_c2s1/ya_out_reg[-1]/D (QDFFRBN)                 0.00 *     5.77 f
  data arrival time                                                                      5.77

  clock clk (rise edge)                                                       5.50       5.50
  clock network delay (propagated)                                            0.78 *     6.28
  clock reconvergence pessimism                                               0.00       6.28
  clock uncertainty                                                          -0.10       6.18
  beamforming_in/steer_inst/u_c2s1/ya_out_reg[-1]/CK (QDFFRBN)                           6.18 r
  library setup time                                                         -0.16 *     6.02
  data required time                                                                     6.02
  --------------------------------------------------------------------------------------------------
  data required time                                                                     6.02
  data arrival time                                                                     -5.77
  --------------------------------------------------------------------------------------------------
  slack (MET)                                                                            0.25


  Startpoint: beamforming_in/steer_inst/valid_sr_reg[2]
               (rising edge-triggered flip-flop clocked by clk)
  Endpoint: beamforming_in/steer_inst/u_c2s1/xa_out_reg[3]
               (rising edge-triggered flip-flop clocked by clk)
  Last common pin: CTS_ccl_INV_clk_G0_L3_1/O
  Path Group: clk
  Path Type: max

  Point                                                                      Incr       Path
  -------------------------------------------------------------------------------------------------
  clock clk (rise edge)                                                      0.00       0.00
  clock network delay (propagated)                                           0.49 *     0.49
  beamforming_in/steer_inst/valid_sr_reg[2]/CK (QDFFRBP)                     0.00       0.49 r
  beamforming_in/steer_inst/valid_sr_reg[2]/Q (QDFFRBP)                      0.42 *     0.91 f
  FE_PHC1165_beamforming_in_steer_inst_valid_sr_2/O (DELB)                   0.61 *     1.52 f
  FE_OFC1206_beamforming_in_steer_inst_valid_sr_2/O (INV4)                   0.16 *     1.67 r
  FE_OFC1209_beamforming_in_steer_inst_valid_sr_2/O (INV4)                   0.07 *     1.74 f
  FE_OFC1213_beamforming_in_steer_inst_valid_sr_2/O (BUF4CK)                 0.17 *     1.92 f
  U5017/O (NR2)                                                              0.17 *     2.08 r
  FE_OFC1626_n5984/O (INV2)                                                  0.14 *     2.23 f
  FE_OFC1793_n6068/O (INV4)                                                  0.17 *     2.40 r
  FE_OFC1794_n6068/O (BUF1)                                                  0.26 *     2.66 r
  U8336/O (AN2)                                                              0.21 *     2.87 r
  U8337/O (OR2B1S)                                                           0.18 *     3.05 f
  U4087/O (NR2P)                                                             0.25 *     3.30 r
  U4866/O (INV2)                                                             0.09 *     3.40 f
  U8372/S (HA1)                                                              0.35 *     3.74 r
  FE_RC_670_0/O (INV1S)                                                      0.11 *     3.85 f
  FE_RC_669_0/O (ND2)                                                        0.12 *     3.98 r
  FE_RC_668_0/O (ND2)                                                        0.09 *     4.07 f
  FE_RC_667_0/O (ND2)                                                        0.09 *     4.16 r
  FE_RC_666_0/O (ND2)                                                        0.11 *     4.27 f
  U8366/O (NR2)                                                              0.24 *     4.51 r
  U8378/O (NR2P)                                                             0.18 *     4.69 f
  U8399/O (ND2P)                                                             0.17 *     4.86 r
  FE_RC_197_0/O (OAI12HT)                                                    0.12 *     4.98 f
  U8524/O (XNR2H)                                                            0.18 *     5.17 f
  FE_RC_1177_0/O (AOI22H)                                                    0.26 *     5.42 r
  FE_RC_939_0/O (INV4)                                                       0.08 *     5.50 f
  FE_RC_1645_0/O (AOI22S)                                                    0.16 *     5.66 r
  FE_RC_1646_0/O (INV1S)                                                     0.11 *     5.77 f
  beamforming_in/steer_inst/u_c2s1/xa_out_reg[3]/D (QDFFRBN)                 0.00 *     5.77 f
  data arrival time                                                                     5.77

  clock clk (rise edge)                                                      5.50       5.50
  clock network delay (propagated)                                           0.78 *     6.28
  clock reconvergence pessimism                                              0.00       6.28
  clock uncertainty                                                         -0.10       6.18
  beamforming_in/steer_inst/u_c2s1/xa_out_reg[3]/CK (QDFFRBN)                           6.18 r
  library setup time                                                        -0.16 *     6.02
  data required time                                                                    6.02
  -------------------------------------------------------------------------------------------------
  data required time                                                                    6.02
  data arrival time                                                                    -5.77
  -------------------------------------------------------------------------------------------------
  slack (MET)                                                                           0.25


  Startpoint: beamforming_in/steer_inst/valid_sr_reg[2]
               (rising edge-triggered flip-flop clocked by clk)
  Endpoint: beamforming_in/steer_inst/u_c2s1/ya_r_reg[1]
               (rising edge-triggered flip-flop clocked by clk)
  Last common pin: CTS_ccl_INV_clk_G0_L3_1/O
  Path Group: clk
  Path Type: max

  Point                                                                      Incr       Path
  -------------------------------------------------------------------------------------------------
  clock clk (rise edge)                                                      0.00       0.00
  clock network delay (propagated)                                           0.49 *     0.49
  beamforming_in/steer_inst/valid_sr_reg[2]/CK (QDFFRBP)                     0.00       0.49 r
  beamforming_in/steer_inst/valid_sr_reg[2]/Q (QDFFRBP)                      0.42 *     0.91 f
  FE_PHC1165_beamforming_in_steer_inst_valid_sr_2/O (DELB)                   0.61 *     1.52 f
  FE_OFC1206_beamforming_in_steer_inst_valid_sr_2/O (INV4)                   0.16 *     1.67 r
  FE_OFC1209_beamforming_in_steer_inst_valid_sr_2/O (INV4)                   0.07 *     1.74 f
  FE_OFC1213_beamforming_in_steer_inst_valid_sr_2/O (BUF4CK)                 0.17 *     1.92 f
  U8058/O (NR2)                                                              0.37 *     2.29 r
  U8273/O (AN2B1S)                                                           0.20 *     2.48 r
  U4088/O (OR2B1S)                                                           0.17 *     2.66 f
  U3339/O (NR2P)                                                             0.22 *     2.87 r
  U8280/O (INV1S)                                                            0.20 *     3.07 f
  U8644/C (HA1)                                                              0.26 *     3.33 f
  U8639/S (HA1)                                                              0.32 *     3.65 r
  FE_RC_443_0/O (INV1S)                                                      0.13 *     3.78 f
  FE_RC_441_0/O (AOI22S)                                                     0.17 *     3.95 r
  FE_RC_440_0/O (OR2)                                                        0.22 *     4.17 r
  FE_RC_433_0/O (ND2)                                                        0.14 *     4.31 f
  U8653/O (NR2P)                                                             0.19 *     4.50 r
  U2636/O (NR2P)                                                             0.13 *     4.63 f
  U8662/O (AOI12HP)                                                          0.19 *     4.82 r
  FE_OFC1560_n6720/O (INV4)                                                  0.11 *     4.93 f
  U4941/O (AOI12HS)                                                          0.20 *     5.13 r
  U4745/O (XNR2HS)                                                           0.19 *     5.32 r
  U8797/OB (MXL2H)                                                           0.15 *     5.47 f
  U8798/O (MUX2)                                                             0.30 *     5.77 f
  beamforming_in/steer_inst/u_c2s1/ya_r_reg[1]/D (QDFFRBN)                   0.00 *     5.77 f
  data arrival time                                                                     5.77

  clock clk (rise edge)                                                      5.50       5.50
  clock network delay (propagated)                                           0.79 *     6.29
  clock reconvergence pessimism                                              0.00       6.29
  clock uncertainty                                                         -0.10       6.19
  beamforming_in/steer_inst/u_c2s1/ya_r_reg[1]/CK (QDFFRBN)                             6.19 r
  library setup time                                                        -0.16 *     6.03
  data required time                                                                    6.03
  -------------------------------------------------------------------------------------------------
  data required time                                                                    6.03
  data arrival time                                                                    -5.77
  -------------------------------------------------------------------------------------------------
  slack (MET)                                                                           0.25


  Startpoint: beamforming_in/steer_inst/valid_sr_reg[2]
               (rising edge-triggered flip-flop clocked by clk)
  Endpoint: beamforming_in/steer_inst/u_c2s1/ya_out_reg[1]
               (rising edge-triggered flip-flop clocked by clk)
  Last common pin: CTS_ccl_INV_clk_G0_L3_1/O
  Path Group: clk
  Path Type: max

  Point                                                                      Incr       Path
  -------------------------------------------------------------------------------------------------
  clock clk (rise edge)                                                      0.00       0.00
  clock network delay (propagated)                                           0.49 *     0.49
  beamforming_in/steer_inst/valid_sr_reg[2]/CK (QDFFRBP)                     0.00       0.49 r
  beamforming_in/steer_inst/valid_sr_reg[2]/Q (QDFFRBP)                      0.42 *     0.91 f
  FE_PHC1165_beamforming_in_steer_inst_valid_sr_2/O (DELB)                   0.61 *     1.52 f
  FE_OFC1206_beamforming_in_steer_inst_valid_sr_2/O (INV4)                   0.16 *     1.67 r
  FE_OFC1209_beamforming_in_steer_inst_valid_sr_2/O (INV4)                   0.07 *     1.74 f
  FE_OFC1213_beamforming_in_steer_inst_valid_sr_2/O (BUF4CK)                 0.17 *     1.92 f
  U8058/O (NR2)                                                              0.37 *     2.29 r
  U8273/O (AN2B1S)                                                           0.20 *     2.48 r
  U4088/O (OR2B1S)                                                           0.17 *     2.66 f
  U3339/O (NR2P)                                                             0.22 *     2.87 r
  U8280/O (INV1S)                                                            0.20 *     3.07 f
  U8644/C (HA1)                                                              0.26 *     3.33 f
  U8639/S (HA1)                                                              0.32 *     3.65 r
  FE_RC_443_0/O (INV1S)                                                      0.13 *     3.78 f
  FE_RC_441_0/O (AOI22S)                                                     0.17 *     3.95 r
  FE_RC_440_0/O (OR2)                                                        0.22 *     4.17 r
  FE_RC_433_0/O (ND2)                                                        0.14 *     4.31 f
  U8653/O (NR2P)                                                             0.19 *     4.50 r
  U2636/O (NR2P)                                                             0.13 *     4.63 f
  U8662/O (AOI12HP)                                                          0.19 *     4.82 r
  FE_OFC1560_n6720/O (INV4)                                                  0.11 *     4.93 f
  U4941/O (AOI12HS)                                                          0.20 *     5.13 r
  U4745/O (XNR2HS)                                                           0.19 *     5.32 r
  U8797/OB (MXL2H)                                                           0.15 *     5.47 f
  U8994/O (MUX2)                                                             0.30 *     5.77 f
  beamforming_in/steer_inst/u_c2s1/ya_out_reg[1]/D (QDFFRBN)                 0.00 *     5.77 f
  data arrival time                                                                     5.77

  clock clk (rise edge)                                                      5.50       5.50
  clock network delay (propagated)                                           0.79 *     6.29
  clock reconvergence pessimism                                              0.00       6.29
  clock uncertainty                                                         -0.10       6.19
  beamforming_in/steer_inst/u_c2s1/ya_out_reg[1]/CK (QDFFRBN)                           6.19 r
  library setup time                                                        -0.16 *     6.03
  data required time                                                                    6.03
  -------------------------------------------------------------------------------------------------
  data required time                                                                    6.03
  data arrival time                                                                    -5.77
  -------------------------------------------------------------------------------------------------
  slack (MET)                                                                           0.26

Warning: report_timing has satisfied the max_paths criteria. There are 2792 further endpoints which have paths of interest with slack less than   999.00 that were not considered when generating this report. (UITE-502)

1
