****************************************
Report : Time Based Power
Design : CHIP
Version: U-2022.12
Date   : Wed Jun  3 01:01:02 2026
****************************************



  Attributes
  ----------
      i  -  Including register clock pin internal power
      u  -  User defined power group

                        Internal  Switching  Leakage    Total
Power Group             Power     Power      Power      Power   (     %)  Attrs
--------------------------------------------------------------------------------
clock_network              0.0155 8.339e-03 1.817e-08    0.0238 (47.48%)  i
register                1.140e-03 3.774e-04 3.453e-07 1.518e-03 ( 3.03%)  
combinational           8.626e-03    0.0132 7.760e-07    0.0219 (43.63%)  
sequential                 0.0000    0.0000    0.0000    0.0000 ( 0.00%)  
memory                     0.0000    0.0000    0.0000    0.0000 ( 0.00%)  
io_pad                  1.597e-03 1.339e-03 2.381e-07 2.937e-03 ( 5.86%)  
black_box                  0.0000    0.0000    0.0000    0.0000 ( 0.00%)  

  Net Switching Power  =    0.0233   (46.48%)
  Cell Internal Power  =    0.0268   (53.52%)
  Cell Leakage Power   = 1.378e-06   ( 0.00%)
                         ---------
Total Power            =    0.0501  (100.00%)

X Transition Power     =    0.0000
Glitching Power        =    0.0000

Peak Power             =    2.0428
Peak Time              =  1568.184

1
