****************************************
Report : Time Based Power
Design : CHIP
Version: U-2022.12
Date   : Wed Jun  3 14:08:23 2026
****************************************



  Attributes
  ----------
      i  -  Including register clock pin internal power
      u  -  User defined power group

                        Internal  Switching  Leakage    Total
Power Group             Power     Power      Power      Power   (     %)  Attrs
--------------------------------------------------------------------------------
clock_network              0.0000    0.0000    0.0000    0.0000 ( 0.00%)  i
register                   0.0000    0.0000    0.0000    0.0000 ( 0.00%)  
combinational           6.694e-03    0.0135 7.942e-07    0.0202 (66.05%)  
sequential              9.073e-03 2.360e-04 3.451e-07 9.309e-03 (30.46%)  
memory                     0.0000    0.0000    0.0000    0.0000 ( 0.00%)  
io_pad                  9.981e-04 6.668e-05 2.381e-07 1.065e-03 ( 3.49%)  
black_box                  0.0000    0.0000    0.0000    0.0000 ( 0.00%)  

  Net Switching Power  =    0.0138   (45.13%)
  Cell Internal Power  =    0.0168   (54.86%)
  Cell Leakage Power   = 1.377e-06   ( 0.00%)
                         ---------
Total Power            =    0.0306  (100.00%)

X Transition Power     =    0.0000
Glitching Power        =    0.0000

Peak Power             =    2.0428
Peak Time              =  2508.684

1
