****************************************
Report : Time Based Power
Design : CHIP
Version: U-2022.12
Date   : Wed Jun  3 15:09:35 2026
****************************************



  Attributes
  ----------
      i  -  Including register clock pin internal power
      u  -  User defined power group

                        Internal  Switching  Leakage    Total
Power Group             Power     Power      Power      Power   (     %)  Attrs
--------------------------------------------------------------------------------
clock_network           9.655e-03 3.905e-03 1.818e-08    0.0136 (50.54%)  i
register                7.129e-04 1.477e-04 3.451e-07 8.609e-04 ( 3.21%)  
combinational           5.398e-03 5.340e-03 7.760e-07    0.0107 (40.03%)  
sequential                 0.0000    0.0000    0.0000    0.0000 ( 0.00%)  
memory                     0.0000    0.0000    0.0000    0.0000 ( 0.00%)  
io_pad                  9.991e-04 6.699e-04 2.381e-07 1.669e-03 ( 6.22%)  
black_box                  0.0000    0.0000    0.0000    0.0000 ( 0.00%)  

  Net Switching Power  =    0.0101   (37.51%)
  Cell Internal Power  =    0.0168   (62.49%)
  Cell Leakage Power   = 1.377e-06   ( 0.01%)
                         ---------
Total Power            =    0.0268  (100.00%)

X Transition Power     =    0.0000
Glitching Power        =    0.0000

Peak Power             =    2.0236
Peak Time              =  2508.684

1
