****************************************
Report : timing
	-path_type full
	-delay_type min
	-slack_lesser_than 999.00
	-max_paths 10
	-sort_by slack
Design : CHIP
Version: U-2022.12
Date   : Tue Jun  9 16:05:48 2026
****************************************


  Startpoint: beamforming_in/steer_inst/u_c1s1/anga_r_reg[-4]
               (rising edge-triggered flip-flop clocked by clk)
  Endpoint: beamforming_in/steer_inst/u_c1s1/anga_r_reg[-4]
               (rising edge-triggered flip-flop clocked by clk)
  Last common pin: CTS_ccl_a_INV_clk_G0_L7_16/O
  Path Group: clk
  Path Type: min

  Point                                                                         Incr       Path
  ----------------------------------------------------------------------------------------------------
  clock clk (rise edge)                                                         0.00       0.00
  clock network delay (propagated)                                              0.79 *     0.79
  beamforming_in/steer_inst/u_c1s1/anga_r_reg[-4]/CK (QDFFRBN)                  0.00       0.79 r
  beamforming_in/steer_inst/u_c1s1/anga_r_reg[-4]/Q (QDFFRBN)                   0.17 *     0.95 r
  FE_PHC590_beamforming_in_steer_inst_u_c1s1_anga_r__4/O (DELA)                 0.10 *     1.06 r
  U9443/O (MUX2)                                                                0.08 *     1.14 r
  beamforming_in/steer_inst/u_c1s1/anga_r_reg[-4]/D (QDFFRBN)                   0.00 *     1.14 r
  data arrival time                                                                        1.14

  clock clk (rise edge)                                                         0.00       0.00
  clock network delay (propagated)                                              0.51 *     0.51
  clock reconvergence pessimism                                                 0.00       0.51
  clock uncertainty                                                             0.10       0.61
  beamforming_in/steer_inst/u_c1s1/anga_r_reg[-4]/CK (QDFFRBN)                             0.61 r
  library hold time                                                             0.00 *     0.61
  data required time                                                                       0.61
  ----------------------------------------------------------------------------------------------------
  data required time                                                                       0.61
  data arrival time                                                                       -1.14
  ----------------------------------------------------------------------------------------------------
  slack (MET)                                                                              0.53


  Startpoint: beamforming_in/steer_inst/u_c1s1/angb_r_reg[-13]
               (rising edge-triggered flip-flop clocked by clk)
  Endpoint: beamforming_in/steer_inst/u_c1s1/angb_r_reg[-13]
               (rising edge-triggered flip-flop clocked by clk)
  Last common pin: CTS_ccl_a_INV_clk_G0_L7_15/O
  Path Group: clk
  Path Type: min

  Point                                                                          Incr       Path
  -----------------------------------------------------------------------------------------------------
  clock clk (rise edge)                                                          0.00       0.00
  clock network delay (propagated)                                               0.79 *     0.79
  beamforming_in/steer_inst/u_c1s1/angb_r_reg[-13]/CK (QDFFRBS)                  0.00       0.79 r
  beamforming_in/steer_inst/u_c1s1/angb_r_reg[-13]/Q (QDFFRBS)                   0.17 *     0.95 r
  FE_PHC759_beamforming_in_steer_inst_u_c1s1_angb_r__13/O (DELA)                 0.11 *     1.06 r
  U10332/O (MUX2)                                                                0.08 *     1.14 r
  beamforming_in/steer_inst/u_c1s1/angb_r_reg[-13]/D (QDFFRBS)                   0.00 *     1.14 r
  data arrival time                                                                         1.14

  clock clk (rise edge)                                                          0.00       0.00
  clock network delay (propagated)                                               0.51 *     0.51
  clock reconvergence pessimism                                                  0.00       0.51
  clock uncertainty                                                              0.10       0.61
  beamforming_in/steer_inst/u_c1s1/angb_r_reg[-13]/CK (QDFFRBS)                             0.61 r
  library hold time                                                              0.00 *     0.61
  data required time                                                                        0.61
  -----------------------------------------------------------------------------------------------------
  data required time                                                                        0.61
  data arrival time                                                                        -1.14
  -----------------------------------------------------------------------------------------------------
  slack (MET)                                                                               0.53


  Startpoint: beamforming_in/steer_inst/u_c1s1/anga_r_reg[-10]
               (rising edge-triggered flip-flop clocked by clk)
  Endpoint: beamforming_in/steer_inst/u_c1s1/anga_r_reg[-10]
               (rising edge-triggered flip-flop clocked by clk)
  Last common pin: CTS_ccl_a_INV_clk_G0_L7_16/O
  Path Group: clk
  Path Type: min

  Point                                                                          Incr       Path
  -----------------------------------------------------------------------------------------------------
  clock clk (rise edge)                                                          0.00       0.00
  clock network delay (propagated)                                               0.78 *     0.78
  beamforming_in/steer_inst/u_c1s1/anga_r_reg[-10]/CK (QDFFRBN)                  0.00       0.78 r
  beamforming_in/steer_inst/u_c1s1/anga_r_reg[-10]/Q (QDFFRBN)                   0.17 *     0.95 r
  FE_PHC646_beamforming_in_steer_inst_u_c1s1_anga_r__10/O (DELA)                 0.11 *     1.06 r
  U9481/O (MUX2)                                                                 0.08 *     1.14 r
  beamforming_in/steer_inst/u_c1s1/anga_r_reg[-10]/D (QDFFRBN)                   0.00 *     1.14 r
  data arrival time                                                                         1.14

  clock clk (rise edge)                                                          0.00       0.00
  clock network delay (propagated)                                               0.51 *     0.51
  clock reconvergence pessimism                                                  0.00       0.51
  clock uncertainty                                                              0.10       0.61
  beamforming_in/steer_inst/u_c1s1/anga_r_reg[-10]/CK (QDFFRBN)                             0.61 r
  library hold time                                                              0.00 *     0.61
  data required time                                                                        0.61
  -----------------------------------------------------------------------------------------------------
  data required time                                                                        0.61
  data arrival time                                                                        -1.14
  -----------------------------------------------------------------------------------------------------
  slack (MET)                                                                               0.53


  Startpoint: beamforming_in/steer_inst/u_c1s1/anga_r_reg[-8]
               (rising edge-triggered flip-flop clocked by clk)
  Endpoint: beamforming_in/steer_inst/u_c1s1/anga_r_reg[-8]
               (rising edge-triggered flip-flop clocked by clk)
  Last common pin: CTS_ccl_a_INV_clk_G0_L7_16/O
  Path Group: clk
  Path Type: min

  Point                                                                         Incr       Path
  ----------------------------------------------------------------------------------------------------
  clock clk (rise edge)                                                         0.00       0.00
  clock network delay (propagated)                                              0.79 *     0.79
  beamforming_in/steer_inst/u_c1s1/anga_r_reg[-8]/CK (QDFFRBN)                  0.00       0.79 r
  beamforming_in/steer_inst/u_c1s1/anga_r_reg[-8]/Q (QDFFRBN)                   0.17 *     0.96 r
  FE_PHC601_beamforming_in_steer_inst_u_c1s1_anga_r__8/O (DELA)                 0.11 *     1.06 r
  U9470/O (MUX2)                                                                0.08 *     1.15 r
  beamforming_in/steer_inst/u_c1s1/anga_r_reg[-8]/D (QDFFRBN)                   0.00 *     1.15 r
  data arrival time                                                                        1.15

  clock clk (rise edge)                                                         0.00       0.00
  clock network delay (propagated)                                              0.51 *     0.51
  clock reconvergence pessimism                                                 0.00       0.51
  clock uncertainty                                                             0.10       0.61
  beamforming_in/steer_inst/u_c1s1/anga_r_reg[-8]/CK (QDFFRBN)                             0.61 r
  library hold time                                                             0.00 *     0.61
  data required time                                                                       0.61
  ----------------------------------------------------------------------------------------------------
  data required time                                                                       0.61
  data arrival time                                                                       -1.15
  ----------------------------------------------------------------------------------------------------
  slack (MET)                                                                              0.53


  Startpoint: beamforming_in/steer_inst/u_c1s1/anga_r_reg[-1]
               (rising edge-triggered flip-flop clocked by clk)
  Endpoint: beamforming_in/steer_inst/u_c1s1/anga_r_reg[-1]
               (rising edge-triggered flip-flop clocked by clk)
  Last common pin: CTS_ccl_a_INV_clk_G0_L7_16/O
  Path Group: clk
  Path Type: min

  Point                                                                         Incr       Path
  ----------------------------------------------------------------------------------------------------
  clock clk (rise edge)                                                         0.00       0.00
  clock network delay (propagated)                                              0.79 *     0.79
  beamforming_in/steer_inst/u_c1s1/anga_r_reg[-1]/CK (QDFFRBN)                  0.00       0.79 r
  beamforming_in/steer_inst/u_c1s1/anga_r_reg[-1]/Q (QDFFRBN)                   0.17 *     0.95 r
  FE_PHC627_beamforming_in_steer_inst_u_c1s1_anga_r__1/O (DELA)                 0.11 *     1.06 r
  U9504/O (MUX2)                                                                0.08 *     1.14 r
  beamforming_in/steer_inst/u_c1s1/anga_r_reg[-1]/D (QDFFRBN)                   0.00 *     1.14 r
  data arrival time                                                                        1.14

  clock clk (rise edge)                                                         0.00       0.00
  clock network delay (propagated)                                              0.51 *     0.51
  clock reconvergence pessimism                                                 0.00       0.51
  clock uncertainty                                                             0.10       0.61
  beamforming_in/steer_inst/u_c1s1/anga_r_reg[-1]/CK (QDFFRBN)                             0.61 r
  library hold time                                                             0.00 *     0.61
  data required time                                                                       0.61
  ----------------------------------------------------------------------------------------------------
  data required time                                                                       0.61
  data arrival time                                                                       -1.14
  ----------------------------------------------------------------------------------------------------
  slack (MET)                                                                              0.53


  Startpoint: beamforming_in/steer_inst/u_c1s1/anga_r_reg[-3]
               (rising edge-triggered flip-flop clocked by clk)
  Endpoint: beamforming_in/steer_inst/u_c1s1/anga_r_reg[-3]
               (rising edge-triggered flip-flop clocked by clk)
  Last common pin: CTS_ccl_a_INV_clk_G0_L7_16/O
  Path Group: clk
  Path Type: min

  Point                                                                         Incr       Path
  ----------------------------------------------------------------------------------------------------
  clock clk (rise edge)                                                         0.00       0.00
  clock network delay (propagated)                                              0.79 *     0.79
  beamforming_in/steer_inst/u_c1s1/anga_r_reg[-3]/CK (QDFFRBN)                  0.00       0.79 r
  beamforming_in/steer_inst/u_c1s1/anga_r_reg[-3]/Q (QDFFRBN)                   0.17 *     0.95 r
  FE_PHC631_beamforming_in_steer_inst_u_c1s1_anga_r__3/O (DELA)                 0.11 *     1.06 r
  U9436/O (MUX2)                                                                0.08 *     1.15 r
  beamforming_in/steer_inst/u_c1s1/anga_r_reg[-3]/D (QDFFRBN)                   0.00 *     1.15 r
  data arrival time                                                                        1.15

  clock clk (rise edge)                                                         0.00       0.00
  clock network delay (propagated)                                              0.51 *     0.51
  clock reconvergence pessimism                                                 0.00       0.51
  clock uncertainty                                                             0.10       0.61
  beamforming_in/steer_inst/u_c1s1/anga_r_reg[-3]/CK (QDFFRBN)                             0.61 r
  library hold time                                                             0.00 *     0.61
  data required time                                                                       0.61
  ----------------------------------------------------------------------------------------------------
  data required time                                                                       0.61
  data arrival time                                                                       -1.15
  ----------------------------------------------------------------------------------------------------
  slack (MET)                                                                              0.53


  Startpoint: beamforming_in/steer_inst/u_c1s2/anga_r_reg[-12]
               (rising edge-triggered flip-flop clocked by clk)
  Endpoint: beamforming_in/steer_inst/u_c1s2/anga_r_reg[-12]
               (rising edge-triggered flip-flop clocked by clk)
  Last common pin: CTS_ccl_a_INV_clk_G0_L7_15/O
  Path Group: clk
  Path Type: min

  Point                                                                          Incr       Path
  -----------------------------------------------------------------------------------------------------
  clock clk (rise edge)                                                          0.00       0.00
  clock network delay (propagated)                                               0.79 *     0.79
  beamforming_in/steer_inst/u_c1s2/anga_r_reg[-12]/CK (QDFFRBN)                  0.00       0.79 r
  beamforming_in/steer_inst/u_c1s2/anga_r_reg[-12]/Q (QDFFRBN)                   0.17 *     0.95 r
  FE_PHC695_beamforming_in_steer_inst_u_c1s2_anga_r__12/O (DELA)                 0.10 *     1.06 r
  U10005/O (MUX2)                                                                0.09 *     1.15 r
  beamforming_in/steer_inst/u_c1s2/anga_r_reg[-12]/D (QDFFRBN)                   0.00 *     1.15 r
  data arrival time                                                                         1.15

  clock clk (rise edge)                                                          0.00       0.00
  clock network delay (propagated)                                               0.51 *     0.51
  clock reconvergence pessimism                                                  0.00       0.51
  clock uncertainty                                                              0.10       0.61
  beamforming_in/steer_inst/u_c1s2/anga_r_reg[-12]/CK (QDFFRBN)                             0.61 r
  library hold time                                                              0.00 *     0.61
  data required time                                                                        0.61
  -----------------------------------------------------------------------------------------------------
  data required time                                                                        0.61
  data arrival time                                                                        -1.15
  -----------------------------------------------------------------------------------------------------
  slack (MET)                                                                               0.53


  Startpoint: beamforming_in/steer_inst/u_c1s1/angb_r_reg[-2]
               (rising edge-triggered flip-flop clocked by clk)
  Endpoint: beamforming_in/steer_inst/u_c1s1/angb_r_reg[-2]
               (rising edge-triggered flip-flop clocked by clk)
  Last common pin: CTS_ccl_a_INV_clk_G0_L7_15/O
  Path Group: clk
  Path Type: min

  Point                                                                         Incr       Path
  ----------------------------------------------------------------------------------------------------
  clock clk (rise edge)                                                         0.00       0.00
  clock network delay (propagated)                                              0.79 *     0.79
  beamforming_in/steer_inst/u_c1s1/angb_r_reg[-2]/CK (QDFFRBN)                  0.00       0.79 r
  beamforming_in/steer_inst/u_c1s1/angb_r_reg[-2]/Q (QDFFRBN)                   0.17 *     0.95 r
  FE_PHC609_beamforming_in_steer_inst_u_c1s1_angb_r__2/O (DELA)                 0.11 *     1.06 r
  U10274/O (MUX2)                                                               0.08 *     1.15 r
  beamforming_in/steer_inst/u_c1s1/angb_r_reg[-2]/D (QDFFRBN)                   0.00 *     1.15 r
  data arrival time                                                                        1.15

  clock clk (rise edge)                                                         0.00       0.00
  clock network delay (propagated)                                              0.51 *     0.51
  clock reconvergence pessimism                                                 0.00       0.51
  clock uncertainty                                                             0.10       0.61
  beamforming_in/steer_inst/u_c1s1/angb_r_reg[-2]/CK (QDFFRBN)                             0.61 r
  library hold time                                                             0.00 *     0.61
  data required time                                                                       0.61
  ----------------------------------------------------------------------------------------------------
  data required time                                                                       0.61
  data arrival time                                                                       -1.15
  ----------------------------------------------------------------------------------------------------
  slack (MET)                                                                              0.53


  Startpoint: beamforming_in/steer_inst/u_c1s2/anga_r_reg[-7]
               (rising edge-triggered flip-flop clocked by clk)
  Endpoint: beamforming_in/steer_inst/u_c1s2/anga_r_reg[-7]
               (rising edge-triggered flip-flop clocked by clk)
  Last common pin: CTS_ccl_a_INV_clk_G0_L7_16/O
  Path Group: clk
  Path Type: min

  Point                                                                         Incr       Path
  ----------------------------------------------------------------------------------------------------
  clock clk (rise edge)                                                         0.00       0.00
  clock network delay (propagated)                                              0.79 *     0.79
  beamforming_in/steer_inst/u_c1s2/anga_r_reg[-7]/CK (QDFFRBN)                  0.00       0.79 r
  beamforming_in/steer_inst/u_c1s2/anga_r_reg[-7]/Q (QDFFRBN)                   0.17 *     0.95 r
  FE_PHC620_beamforming_in_steer_inst_u_c1s2_anga_r__7/O (DELA)                 0.11 *     1.06 r
  U9983/O (MUX2)                                                                0.09 *     1.15 r
  beamforming_in/steer_inst/u_c1s2/anga_r_reg[-7]/D (QDFFRBN)                   0.00 *     1.15 r
  data arrival time                                                                        1.15

  clock clk (rise edge)                                                         0.00       0.00
  clock network delay (propagated)                                              0.51 *     0.51
  clock reconvergence pessimism                                                 0.00       0.51
  clock uncertainty                                                             0.10       0.61
  beamforming_in/steer_inst/u_c1s2/anga_r_reg[-7]/CK (QDFFRBN)                             0.61 r
  library hold time                                                             0.00 *     0.61
  data required time                                                                       0.61
  ----------------------------------------------------------------------------------------------------
  data required time                                                                       0.61
  data arrival time                                                                       -1.15
  ----------------------------------------------------------------------------------------------------
  slack (MET)                                                                              0.53


  Startpoint: beamforming_in/steer_inst/u_c1s2/anga_r_reg[-1]
               (rising edge-triggered flip-flop clocked by clk)
  Endpoint: beamforming_in/steer_inst/u_c1s2/anga_r_reg[-1]
               (rising edge-triggered flip-flop clocked by clk)
  Last common pin: CTS_ccl_a_INV_clk_G0_L7_16/O
  Path Group: clk
  Path Type: min

  Point                                                                         Incr       Path
  ----------------------------------------------------------------------------------------------------
  clock clk (rise edge)                                                         0.00       0.00
  clock network delay (propagated)                                              0.79 *     0.79
  beamforming_in/steer_inst/u_c1s2/anga_r_reg[-1]/CK (QDFFRBN)                  0.00       0.79 r
  beamforming_in/steer_inst/u_c1s2/anga_r_reg[-1]/Q (QDFFRBN)                   0.17 *     0.95 r
  FE_PHC640_beamforming_in_steer_inst_u_c1s2_anga_r__1/O (DELA)                 0.11 *     1.06 r
  U9960/O (MUX2)                                                                0.09 *     1.15 r
  beamforming_in/steer_inst/u_c1s2/anga_r_reg[-1]/D (QDFFRBN)                   0.00 *     1.15 r
  data arrival time                                                                        1.15

  clock clk (rise edge)                                                         0.00       0.00
  clock network delay (propagated)                                              0.51 *     0.51
  clock reconvergence pessimism                                                 0.00       0.51
  clock uncertainty                                                             0.10       0.61
  beamforming_in/steer_inst/u_c1s2/anga_r_reg[-1]/CK (QDFFRBN)                             0.61 r
  library hold time                                                             0.00 *     0.61
  data required time                                                                       0.61
  ----------------------------------------------------------------------------------------------------
  data required time                                                                       0.61
  data arrival time                                                                       -1.15
  ----------------------------------------------------------------------------------------------------
  slack (MET)                                                                              0.53

Warning: report_timing has satisfied the max_paths criteria. There are 1403 further endpoints which have paths of interest with slack less than   999.00 that were not considered when generating this report. (UITE-502)

1
